CRITICAL - 2026-03-21 00:33:25 --> Undefined variable $productsAll
in APPPATH\Views\backend\urun.php on line 75.
 1 APPPATH\Views\backend\urun.php(75): CodeIgniter\Debug\Exceptions->errorHandler(2, 'Undefined variable $productsAll', 'APPPATH\\Views\\backend\\urun.php', 75)
 2 SYSTEMPATH\View\View.php(213): include('APPPATH\\Views\\backend\\urun.php')
 3 SYSTEMPATH\View\View.php(216): CodeIgniter\View\View->CodeIgniter\View\{closure}()
 4 SYSTEMPATH\Common.php(1137): CodeIgniter\View\View->render('backend/urun', [], true)
 5 APPPATH\Controllers\Home.php(124): view('backend/urun', [...])
 6 SYSTEMPATH\CodeIgniter.php(904): App\Controllers\Home->urun()
 7 SYSTEMPATH\CodeIgniter.php(457): CodeIgniter\CodeIgniter->runController(Object(App\Controllers\Home))
 8 SYSTEMPATH\CodeIgniter.php(340): CodeIgniter\CodeIgniter->handleRequest(null, Object(Config\Cache), false)
 9 FCPATH\index.php(67): CodeIgniter\CodeIgniter->run()
CRITICAL - 2026-03-21 00:33:29 --> Undefined variable $productsAll
in APPPATH\Views\backend\urun.php on line 75.
 1 APPPATH\Views\backend\urun.php(75): CodeIgniter\Debug\Exceptions->errorHandler(2, 'Undefined variable $productsAll', 'APPPATH\\Views\\backend\\urun.php', 75)
 2 SYSTEMPATH\View\View.php(213): include('APPPATH\\Views\\backend\\urun.php')
 3 SYSTEMPATH\View\View.php(216): CodeIgniter\View\View->CodeIgniter\View\{closure}()
 4 SYSTEMPATH\Common.php(1137): CodeIgniter\View\View->render('backend/urun', [], true)
 5 APPPATH\Controllers\Home.php(124): view('backend/urun', [...])
 6 SYSTEMPATH\CodeIgniter.php(904): App\Controllers\Home->urun()
 7 SYSTEMPATH\CodeIgniter.php(457): CodeIgniter\CodeIgniter->runController(Object(App\Controllers\Home))
 8 SYSTEMPATH\CodeIgniter.php(340): CodeIgniter\CodeIgniter->handleRequest(null, Object(Config\Cache), false)
 9 FCPATH\index.php(67): CodeIgniter\CodeIgniter->run()
CRITICAL - 2026-03-21 00:33:30 --> Undefined variable $productsAll
in APPPATH\Views\backend\urun.php on line 75.
 1 APPPATH\Views\backend\urun.php(75): CodeIgniter\Debug\Exceptions->errorHandler(2, 'Undefined variable $productsAll', 'APPPATH\\Views\\backend\\urun.php', 75)
 2 SYSTEMPATH\View\View.php(213): include('APPPATH\\Views\\backend\\urun.php')
 3 SYSTEMPATH\View\View.php(216): CodeIgniter\View\View->CodeIgniter\View\{closure}()
 4 SYSTEMPATH\Common.php(1137): CodeIgniter\View\View->render('backend/urun', [], true)
 5 APPPATH\Controllers\Home.php(124): view('backend/urun', [...])
 6 SYSTEMPATH\CodeIgniter.php(904): App\Controllers\Home->urun()
 7 SYSTEMPATH\CodeIgniter.php(457): CodeIgniter\CodeIgniter->runController(Object(App\Controllers\Home))
 8 SYSTEMPATH\CodeIgniter.php(340): CodeIgniter\CodeIgniter->handleRequest(null, Object(Config\Cache), false)
 9 FCPATH\index.php(67): CodeIgniter\CodeIgniter->run()
CRITICAL - 2026-03-21 00:33:31 --> Undefined variable $productsAll
in APPPATH\Views\backend\urun.php on line 75.
 1 APPPATH\Views\backend\urun.php(75): CodeIgniter\Debug\Exceptions->errorHandler(2, 'Undefined variable $productsAll', 'APPPATH\\Views\\backend\\urun.php', 75)
 2 SYSTEMPATH\View\View.php(213): include('APPPATH\\Views\\backend\\urun.php')
 3 SYSTEMPATH\View\View.php(216): CodeIgniter\View\View->CodeIgniter\View\{closure}()
 4 SYSTEMPATH\Common.php(1137): CodeIgniter\View\View->render('backend/urun', [], true)
 5 APPPATH\Controllers\Home.php(124): view('backend/urun', [...])
 6 SYSTEMPATH\CodeIgniter.php(904): App\Controllers\Home->urun()
 7 SYSTEMPATH\CodeIgniter.php(457): CodeIgniter\CodeIgniter->runController(Object(App\Controllers\Home))
 8 SYSTEMPATH\CodeIgniter.php(340): CodeIgniter\CodeIgniter->handleRequest(null, Object(Config\Cache), false)
 9 FCPATH\index.php(67): CodeIgniter\CodeIgniter->run()
CRITICAL - 2026-03-21 00:33:44 --> Undefined variable $productsAll
in APPPATH\Views\backend\urun.php on line 75.
 1 APPPATH\Views\backend\urun.php(75): CodeIgniter\Debug\Exceptions->errorHandler(2, 'Undefined variable $productsAll', 'APPPATH\\Views\\backend\\urun.php', 75)
 2 SYSTEMPATH\View\View.php(213): include('APPPATH\\Views\\backend\\urun.php')
 3 SYSTEMPATH\View\View.php(216): CodeIgniter\View\View->CodeIgniter\View\{closure}()
 4 SYSTEMPATH\Common.php(1137): CodeIgniter\View\View->render('backend/urun', [], true)
 5 APPPATH\Controllers\Home.php(124): view('backend/urun', [...])
 6 SYSTEMPATH\CodeIgniter.php(904): App\Controllers\Home->urun()
 7 SYSTEMPATH\CodeIgniter.php(457): CodeIgniter\CodeIgniter->runController(Object(App\Controllers\Home))
 8 SYSTEMPATH\CodeIgniter.php(340): CodeIgniter\CodeIgniter->handleRequest(null, Object(Config\Cache), false)
 9 FCPATH\index.php(67): CodeIgniter\CodeIgniter->run()
CRITICAL - 2026-03-21 00:55:46 --> Undefined variable $row
in APPPATH\Views\backend\productEditView.php on line 98.
 1 APPPATH\Views\backend\productEditView.php(98): CodeIgniter\Debug\Exceptions->errorHandler(2, 'Undefined variable $row', 'APPPATH\\Views\\backend\\productEditView.php', 98)
 2 SYSTEMPATH\View\View.php(213): include('APPPATH\\Views\\backend\\productEditView.php')
 3 SYSTEMPATH\View\View.php(216): CodeIgniter\View\View->CodeIgniter\View\{closure}()
 4 SYSTEMPATH\Common.php(1137): CodeIgniter\View\View->render('backend/productEditView', [], true)
 5 APPPATH\Controllers\Home.php(185): view('backend/productEditView', [...])
 6 SYSTEMPATH\CodeIgniter.php(904): App\Controllers\Home->productsEditView('56')
 7 SYSTEMPATH\CodeIgniter.php(457): CodeIgniter\CodeIgniter->runController(Object(App\Controllers\Home))
 8 SYSTEMPATH\CodeIgniter.php(340): CodeIgniter\CodeIgniter->handleRequest(null, Object(Config\Cache), false)
 9 FCPATH\index.php(67): CodeIgniter\CodeIgniter->run()
CRITICAL - 2026-03-21 14:00:05 --> Trying to access array offset on value of type null
in APPPATH\Views\backend\include\header.php on line 7.
 1 APPPATH\Views\backend\include\header.php(7): CodeIgniter\Debug\Exceptions->errorHandler(2, 'Trying to access array offset on value of type null', 'APPPATH\\Views\\backend\\include\\header.php', 7)
 2 SYSTEMPATH\View\View.php(213): include('APPPATH\\Views\\backend\\include\\header.php')
 3 SYSTEMPATH\View\View.php(216): CodeIgniter\View\View->CodeIgniter\View\{closure}()
 4 SYSTEMPATH\View\View.php(429): CodeIgniter\View\View->render('backend/include/header', null, true)
 5 APPPATH\Views\backend\productInsertView.php(1): CodeIgniter\View\View->include('backend/include/header')
 6 SYSTEMPATH\View\View.php(213): include('APPPATH\\Views\\backend\\productInsertView.php')
 7 SYSTEMPATH\View\View.php(216): CodeIgniter\View\View->CodeIgniter\View\{closure}()
 8 SYSTEMPATH\Common.php(1137): CodeIgniter\View\View->render('/backend/productInsertView', [], true)
 9 APPPATH\Config\Routes.php(76): view('/backend/productInsertView', [...])
10 SYSTEMPATH\CodeIgniter.php(845): CodeIgniter\CodeIgniter::Config\{closure}()
11 SYSTEMPATH\CodeIgniter.php(444): CodeIgniter\CodeIgniter->startController()
12 SYSTEMPATH\CodeIgniter.php(340): CodeIgniter\CodeIgniter->handleRequest(null, Object(Config\Cache), false)
13 FCPATH\index.php(67): CodeIgniter\CodeIgniter->run()
