CRITICAL - 2025-01-27 00:01:54 --> Call to undefined function App\Controllers\settingsGet()
in APPPATH\Controllers\Home.php on line 38.
 1 SYSTEMPATH\CodeIgniter.php(904): App\Controllers\Home->panel()
 2 SYSTEMPATH\CodeIgniter.php(457): CodeIgniter\CodeIgniter->runController(Object(App\Controllers\Home))
 3 SYSTEMPATH\CodeIgniter.php(340): CodeIgniter\CodeIgniter->handleRequest(null, Object(Config\Cache), false)
 4 FCPATH\index.php(67): CodeIgniter\CodeIgniter->run()
CRITICAL - 2025-01-27 00:13:35 --> Undefined array key "company_name"
in APPPATH\Views\login.php on line 82.
 1 APPPATH\Views\login.php(82): CodeIgniter\Debug\Exceptions->errorHandler(2, 'Undefined array key "company_name"', 'APPPATH\\Views\\login.php', 82)
 2 SYSTEMPATH\View\View.php(213): include('APPPATH\\Views\\login.php')
 3 SYSTEMPATH\View\View.php(216): CodeIgniter\View\View->CodeIgniter\View\{closure}()
 4 SYSTEMPATH\Common.php(1137): CodeIgniter\View\View->render('login', [], true)
 5 APPPATH\Controllers\Login.php(17): view('login', [...])
 6 SYSTEMPATH\CodeIgniter.php(904): App\Controllers\Login->index()
 7 SYSTEMPATH\CodeIgniter.php(457): CodeIgniter\CodeIgniter->runController(Object(App\Controllers\Login))
 8 SYSTEMPATH\CodeIgniter.php(340): CodeIgniter\CodeIgniter->handleRequest(null, Object(Config\Cache), false)
 9 FCPATH\index.php(67): CodeIgniter\CodeIgniter->run()
CRITICAL - 2025-01-27 00:14:38 --> Undefined array key "company_name"
in APPPATH\Views\backend\include\leftmenu.php on line 9.
 1 APPPATH\Views\backend\include\leftmenu.php(9): CodeIgniter\Debug\Exceptions->errorHandler(2, 'Undefined array key "company_name"', 'APPPATH\\Views\\backend\\include\\leftmenu.php', 9)
 2 SYSTEMPATH\View\View.php(213): include('APPPATH\\Views\\backend\\include\\leftmenu.php')
 3 SYSTEMPATH\View\View.php(216): CodeIgniter\View\View->CodeIgniter\View\{closure}()
 4 SYSTEMPATH\View\View.php(429): CodeIgniter\View\View->render('backend/include/leftmenu', null, true)
 5 APPPATH\Views\backend\panel.php(6): CodeIgniter\View\View->include('backend/include/leftmenu')
 6 SYSTEMPATH\View\View.php(213): include('APPPATH\\Views\\backend\\panel.php')
 7 SYSTEMPATH\View\View.php(216): CodeIgniter\View\View->CodeIgniter\View\{closure}()
 8 SYSTEMPATH\Common.php(1137): CodeIgniter\View\View->render('backend/panel', [], true)
 9 APPPATH\Controllers\Home.php(38): view('backend/panel', [...])
10 SYSTEMPATH\CodeIgniter.php(904): App\Controllers\Home->panel()
11 SYSTEMPATH\CodeIgniter.php(457): CodeIgniter\CodeIgniter->runController(Object(App\Controllers\Home))
12 SYSTEMPATH\CodeIgniter.php(340): CodeIgniter\CodeIgniter->handleRequest(null, Object(Config\Cache), false)
13 FCPATH\index.php(67): CodeIgniter\CodeIgniter->run()
