CRITICAL - 2026-03-20 22:35:23 --> Trying to access array offset on value of type null
in APPPATH\Views\backend\productEditView.php on line 49.
 1 APPPATH\Views\backend\productEditView.php(49): CodeIgniter\Debug\Exceptions->errorHandler(2, 'Trying to access array offset on value of type null', 'APPPATH\\Views\\backend\\productEditView.php', 49)
 2 SYSTEMPATH\View\View.php(213): include('APPPATH\\Views\\backend\\productEditView.php')
 3 SYSTEMPATH\View\View.php(216): CodeIgniter\View\View->CodeIgniter\View\{closure}()
 4 SYSTEMPATH\Common.php(1137): CodeIgniter\View\View->render('backend/productEditView', [], true)
 5 APPPATH\Controllers\Home.php(183): view('backend/productEditView', [...])
 6 SYSTEMPATH\CodeIgniter.php(904): App\Controllers\Home->productsEditView('90')
 7 SYSTEMPATH\CodeIgniter.php(457): CodeIgniter\CodeIgniter->runController(Object(App\Controllers\Home))
 8 SYSTEMPATH\CodeIgniter.php(340): CodeIgniter\CodeIgniter->handleRequest(null, Object(Config\Cache), false)
 9 FCPATH\index.php(67): CodeIgniter\CodeIgniter->run()
CRITICAL - 2026-03-20 22:35:50 --> Trying to access array offset on value of type null
in APPPATH\Views\backend\productEditView.php on line 49.
 1 APPPATH\Views\backend\productEditView.php(49): CodeIgniter\Debug\Exceptions->errorHandler(2, 'Trying to access array offset on value of type null', 'APPPATH\\Views\\backend\\productEditView.php', 49)
 2 SYSTEMPATH\View\View.php(213): include('APPPATH\\Views\\backend\\productEditView.php')
 3 SYSTEMPATH\View\View.php(216): CodeIgniter\View\View->CodeIgniter\View\{closure}()
 4 SYSTEMPATH\Common.php(1137): CodeIgniter\View\View->render('backend/productEditView', [], true)
 5 APPPATH\Controllers\Home.php(183): view('backend/productEditView', [...])
 6 SYSTEMPATH\CodeIgniter.php(904): App\Controllers\Home->productsEditView('90')
 7 SYSTEMPATH\CodeIgniter.php(457): CodeIgniter\CodeIgniter->runController(Object(App\Controllers\Home))
 8 SYSTEMPATH\CodeIgniter.php(340): CodeIgniter\CodeIgniter->handleRequest(null, Object(Config\Cache), false)
 9 FCPATH\index.php(67): CodeIgniter\CodeIgniter->run()
CRITICAL - 2026-03-20 22:48:15 --> Undefined variable $rows
in APPPATH\Views\backend\productEditView.php on line 49.
 1 APPPATH\Views\backend\productEditView.php(49): CodeIgniter\Debug\Exceptions->errorHandler(2, 'Undefined variable $rows', 'APPPATH\\Views\\backend\\productEditView.php', 49)
 2 SYSTEMPATH\View\View.php(213): include('APPPATH\\Views\\backend\\productEditView.php')
 3 SYSTEMPATH\View\View.php(216): CodeIgniter\View\View->CodeIgniter\View\{closure}()
 4 SYSTEMPATH\Common.php(1137): CodeIgniter\View\View->render('backend/productEditView', [], true)
 5 APPPATH\Controllers\Home.php(183): view('backend/productEditView', [...])
 6 SYSTEMPATH\CodeIgniter.php(904): App\Controllers\Home->productsEditView('92')
 7 SYSTEMPATH\CodeIgniter.php(457): CodeIgniter\CodeIgniter->runController(Object(App\Controllers\Home))
 8 SYSTEMPATH\CodeIgniter.php(340): CodeIgniter\CodeIgniter->handleRequest(null, Object(Config\Cache), false)
 9 FCPATH\index.php(67): CodeIgniter\CodeIgniter->run()
