ERROR - 2025-09-14 00:41:48 --> mysqli_sql_exception: Unknown column 'isActive' in 'where clause' in C:\xampp\htdocs\qrmenu\system\Database\MySQLi\Connection.php:292
Stack trace:
#0 C:\xampp\htdocs\qrmenu\system\Database\MySQLi\Connection.php(292): mysqli->query('SELECT COUNT(*)...', 0)
#1 C:\xampp\htdocs\qrmenu\system\Database\BaseConnection.php(693): CodeIgniter\Database\MySQLi\Connection->execute('SELECT COUNT(*)...')
#2 C:\xampp\htdocs\qrmenu\system\Database\BaseConnection.php(620): CodeIgniter\Database\BaseConnection->simpleQuery('SELECT COUNT(*)...')
#3 C:\xampp\htdocs\qrmenu\system\Database\BaseBuilder.php(1669): CodeIgniter\Database\BaseConnection->query('SELECT COUNT(*)...', Array, false)
#4 C:\xampp\htdocs\qrmenu\system\Model.php(550): CodeIgniter\Database\BaseBuilder->countAllResults(true)
#5 C:\xampp\htdocs\qrmenu\app\Controllers\Home.php(34): CodeIgniter\Model->countAllResults()
#6 C:\xampp\htdocs\qrmenu\system\CodeIgniter.php(904): App\Controllers\Home->panel()
#7 C:\xampp\htdocs\qrmenu\system\CodeIgniter.php(457): CodeIgniter\CodeIgniter->runController(Object(App\Controllers\Home))
#8 C:\xampp\htdocs\qrmenu\system\CodeIgniter.php(340): CodeIgniter\CodeIgniter->handleRequest(NULL, Object(Config\Cache), false)
#9 C:\xampp\htdocs\qrmenu\index.php(67): CodeIgniter\CodeIgniter->run()
#10 {main}
CRITICAL - 2025-09-14 00:41:48 --> Unknown column 'isActive' in 'where clause'
in SYSTEMPATH\Database\MySQLi\Connection.php on line 292.
 1 SYSTEMPATH\Database\MySQLi\Connection.php(292): mysqli->query('SELECT COUNT(*) AS `numrows`
FROM `products`
WHERE `isActive` = 1', 0)
 2 SYSTEMPATH\Database\BaseConnection.php(693): CodeIgniter\Database\MySQLi\Connection->execute('SELECT COUNT(*) AS `numrows`
FROM `products`
WHERE `isActive` = 1')
 3 SYSTEMPATH\Database\BaseConnection.php(620): CodeIgniter\Database\BaseConnection->simpleQuery('SELECT COUNT(*) AS `numrows`
FROM `products`
WHERE `isActive` = 1')
 4 SYSTEMPATH\Database\BaseBuilder.php(1669): CodeIgniter\Database\BaseConnection->query('SELECT COUNT(*) AS `numrows`
FROM `products`
WHERE `isActive` = :isActive:', [...], false)
 5 SYSTEMPATH\Model.php(550): CodeIgniter\Database\BaseBuilder->countAllResults(true)
 6 APPPATH\Controllers\Home.php(34): CodeIgniter\Model->countAllResults()
 7 SYSTEMPATH\CodeIgniter.php(904): App\Controllers\Home->panel()
 8 SYSTEMPATH\CodeIgniter.php(457): CodeIgniter\CodeIgniter->runController(Object(App\Controllers\Home))
 9 SYSTEMPATH\CodeIgniter.php(340): CodeIgniter\CodeIgniter->handleRequest(null, Object(Config\Cache), false)
10 FCPATH\index.php(67): CodeIgniter\CodeIgniter->run()
CRITICAL - 2025-09-14 00:51:45 --> unlink(./img/product/lahmacun-findik.jpg): Permission denied
in APPPATH\Controllers\Home.php on line 158.
 1 [internal function]: CodeIgniter\Debug\Exceptions->errorHandler(2, 'unlink(./img/product/lahmacun-findik.jpg): Permission denied', 'APPPATH\\Controllers\\Home.php', 158)
 2 APPPATH\Controllers\Home.php(158): unlink('FCPATH\\img\\product\\lahmacun-findik.jpg')
 3 SYSTEMPATH\CodeIgniter.php(904): App\Controllers\Home->productsDelete('13')
 4 SYSTEMPATH\CodeIgniter.php(457): CodeIgniter\CodeIgniter->runController(Object(App\Controllers\Home))
 5 SYSTEMPATH\CodeIgniter.php(340): CodeIgniter\CodeIgniter->handleRequest(null, Object(Config\Cache), false)
 6 FCPATH\index.php(67): CodeIgniter\CodeIgniter->run()
CRITICAL - 2025-09-14 00:51:48 --> unlink(./img/product/lahmacun-findik.jpg): Permission denied
in APPPATH\Controllers\Home.php on line 158.
 1 [internal function]: CodeIgniter\Debug\Exceptions->errorHandler(2, 'unlink(./img/product/lahmacun-findik.jpg): Permission denied', 'APPPATH\\Controllers\\Home.php', 158)
 2 APPPATH\Controllers\Home.php(158): unlink('FCPATH\\img\\product\\lahmacun-findik.jpg')
 3 SYSTEMPATH\CodeIgniter.php(904): App\Controllers\Home->productsDelete('13')
 4 SYSTEMPATH\CodeIgniter.php(457): CodeIgniter\CodeIgniter->runController(Object(App\Controllers\Home))
 5 SYSTEMPATH\CodeIgniter.php(340): CodeIgniter\CodeIgniter->handleRequest(null, Object(Config\Cache), false)
 6 FCPATH\index.php(67): CodeIgniter\CodeIgniter->run()
CRITICAL - 2025-09-14 00:51:53 --> unlink(./img/product/lahmacun-findik.jpg): Permission denied
in APPPATH\Controllers\Home.php on line 158.
 1 [internal function]: CodeIgniter\Debug\Exceptions->errorHandler(2, 'unlink(./img/product/lahmacun-findik.jpg): Permission denied', 'APPPATH\\Controllers\\Home.php', 158)
 2 APPPATH\Controllers\Home.php(158): unlink('FCPATH\\img\\product\\lahmacun-findik.jpg')
 3 SYSTEMPATH\CodeIgniter.php(904): App\Controllers\Home->productsDelete('13')
 4 SYSTEMPATH\CodeIgniter.php(457): CodeIgniter\CodeIgniter->runController(Object(App\Controllers\Home))
 5 SYSTEMPATH\CodeIgniter.php(340): CodeIgniter\CodeIgniter->handleRequest(null, Object(Config\Cache), false)
 6 FCPATH\index.php(67): CodeIgniter\CodeIgniter->run()
CRITICAL - 2025-09-14 00:51:55 --> unlink(./img/product/lahmacun-findik.jpg): Permission denied
in APPPATH\Controllers\Home.php on line 158.
 1 [internal function]: CodeIgniter\Debug\Exceptions->errorHandler(2, 'unlink(./img/product/lahmacun-findik.jpg): Permission denied', 'APPPATH\\Controllers\\Home.php', 158)
 2 APPPATH\Controllers\Home.php(158): unlink('FCPATH\\img\\product\\lahmacun-findik.jpg')
 3 SYSTEMPATH\CodeIgniter.php(904): App\Controllers\Home->productsDelete('13')
 4 SYSTEMPATH\CodeIgniter.php(457): CodeIgniter\CodeIgniter->runController(Object(App\Controllers\Home))
 5 SYSTEMPATH\CodeIgniter.php(340): CodeIgniter\CodeIgniter->handleRequest(null, Object(Config\Cache), false)
 6 FCPATH\index.php(67): CodeIgniter\CodeIgniter->run()
CRITICAL - 2025-09-14 00:52:07 --> unlink(./img/product/lahmacun-findik.jpg): Permission denied
in APPPATH\Controllers\Home.php on line 158.
 1 [internal function]: CodeIgniter\Debug\Exceptions->errorHandler(2, 'unlink(./img/product/lahmacun-findik.jpg): Permission denied', 'APPPATH\\Controllers\\Home.php', 158)
 2 APPPATH\Controllers\Home.php(158): unlink('FCPATH\\img\\product\\lahmacun-findik.jpg')
 3 SYSTEMPATH\CodeIgniter.php(904): App\Controllers\Home->productsDelete('13')
 4 SYSTEMPATH\CodeIgniter.php(457): CodeIgniter\CodeIgniter->runController(Object(App\Controllers\Home))
 5 SYSTEMPATH\CodeIgniter.php(340): CodeIgniter\CodeIgniter->handleRequest(null, Object(Config\Cache), false)
 6 FCPATH\index.php(67): CodeIgniter\CodeIgniter->run()
CRITICAL - 2025-09-14 00:52:55 --> unlink(./img/product/lahmacun-findik.jpg): Permission denied
in APPPATH\Controllers\Home.php on line 158.
 1 [internal function]: CodeIgniter\Debug\Exceptions->errorHandler(2, 'unlink(./img/product/lahmacun-findik.jpg): Permission denied', 'APPPATH\\Controllers\\Home.php', 158)
 2 APPPATH\Controllers\Home.php(158): unlink('FCPATH\\img\\product\\lahmacun-findik.jpg')
 3 SYSTEMPATH\CodeIgniter.php(904): App\Controllers\Home->productsDelete('13')
 4 SYSTEMPATH\CodeIgniter.php(457): CodeIgniter\CodeIgniter->runController(Object(App\Controllers\Home))
 5 SYSTEMPATH\CodeIgniter.php(340): CodeIgniter\CodeIgniter->handleRequest(null, Object(Config\Cache), false)
 6 FCPATH\index.php(67): CodeIgniter\CodeIgniter->run()
CRITICAL - 2025-09-14 00:52:56 --> unlink(./img/product/lahmacun-findik.jpg): Permission denied
in APPPATH\Controllers\Home.php on line 158.
 1 [internal function]: CodeIgniter\Debug\Exceptions->errorHandler(2, 'unlink(./img/product/lahmacun-findik.jpg): Permission denied', 'APPPATH\\Controllers\\Home.php', 158)
 2 APPPATH\Controllers\Home.php(158): unlink('FCPATH\\img\\product\\lahmacun-findik.jpg')
 3 SYSTEMPATH\CodeIgniter.php(904): App\Controllers\Home->productsDelete('13')
 4 SYSTEMPATH\CodeIgniter.php(457): CodeIgniter\CodeIgniter->runController(Object(App\Controllers\Home))
 5 SYSTEMPATH\CodeIgniter.php(340): CodeIgniter\CodeIgniter->handleRequest(null, Object(Config\Cache), false)
 6 FCPATH\index.php(67): CodeIgniter\CodeIgniter->run()
CRITICAL - 2025-09-14 00:52:57 --> unlink(./img/product/lahmacun-findik.jpg): Permission denied
in APPPATH\Controllers\Home.php on line 158.
 1 [internal function]: CodeIgniter\Debug\Exceptions->errorHandler(2, 'unlink(./img/product/lahmacun-findik.jpg): Permission denied', 'APPPATH\\Controllers\\Home.php', 158)
 2 APPPATH\Controllers\Home.php(158): unlink('FCPATH\\img\\product\\lahmacun-findik.jpg')
 3 SYSTEMPATH\CodeIgniter.php(904): App\Controllers\Home->productsDelete('13')
 4 SYSTEMPATH\CodeIgniter.php(457): CodeIgniter\CodeIgniter->runController(Object(App\Controllers\Home))
 5 SYSTEMPATH\CodeIgniter.php(340): CodeIgniter\CodeIgniter->handleRequest(null, Object(Config\Cache), false)
 6 FCPATH\index.php(67): CodeIgniter\CodeIgniter->run()
CRITICAL - 2025-09-14 00:52:57 --> unlink(./img/product/lahmacun-findik.jpg): Permission denied
in APPPATH\Controllers\Home.php on line 158.
 1 [internal function]: CodeIgniter\Debug\Exceptions->errorHandler(2, 'unlink(./img/product/lahmacun-findik.jpg): Permission denied', 'APPPATH\\Controllers\\Home.php', 158)
 2 APPPATH\Controllers\Home.php(158): unlink('FCPATH\\img\\product\\lahmacun-findik.jpg')
 3 SYSTEMPATH\CodeIgniter.php(904): App\Controllers\Home->productsDelete('13')
 4 SYSTEMPATH\CodeIgniter.php(457): CodeIgniter\CodeIgniter->runController(Object(App\Controllers\Home))
 5 SYSTEMPATH\CodeIgniter.php(340): CodeIgniter\CodeIgniter->handleRequest(null, Object(Config\Cache), false)
 6 FCPATH\index.php(67): CodeIgniter\CodeIgniter->run()
CRITICAL - 2025-09-14 00:53:11 --> unlink(./img/product/lahmacun-findik.jpg): Permission denied
in APPPATH\Controllers\Home.php on line 158.
 1 [internal function]: CodeIgniter\Debug\Exceptions->errorHandler(2, 'unlink(./img/product/lahmacun-findik.jpg): Permission denied', 'APPPATH\\Controllers\\Home.php', 158)
 2 APPPATH\Controllers\Home.php(158): unlink('FCPATH\\img\\product\\lahmacun-findik.jpg')
 3 SYSTEMPATH\CodeIgniter.php(904): App\Controllers\Home->productsDelete('13')
 4 SYSTEMPATH\CodeIgniter.php(457): CodeIgniter\CodeIgniter->runController(Object(App\Controllers\Home))
 5 SYSTEMPATH\CodeIgniter.php(340): CodeIgniter\CodeIgniter->handleRequest(null, Object(Config\Cache), false)
 6 FCPATH\index.php(67): CodeIgniter\CodeIgniter->run()
CRITICAL - 2025-09-14 00:53:56 --> unlink(./img/product/lahmacun-findik.jpg): Permission denied
in APPPATH\Controllers\Home.php on line 158.
 1 [internal function]: CodeIgniter\Debug\Exceptions->errorHandler(2, 'unlink(./img/product/lahmacun-findik.jpg): Permission denied', 'APPPATH\\Controllers\\Home.php', 158)
 2 APPPATH\Controllers\Home.php(158): unlink('FCPATH\\img\\product\\lahmacun-findik.jpg')
 3 SYSTEMPATH\CodeIgniter.php(904): App\Controllers\Home->productsDelete('13')
 4 SYSTEMPATH\CodeIgniter.php(457): CodeIgniter\CodeIgniter->runController(Object(App\Controllers\Home))
 5 SYSTEMPATH\CodeIgniter.php(340): CodeIgniter\CodeIgniter->handleRequest(null, Object(Config\Cache), false)
 6 FCPATH\index.php(67): CodeIgniter\CodeIgniter->run()
CRITICAL - 2025-09-14 00:54:05 --> unlink(./img/product/lahmacun-findik.jpg): Permission denied
in APPPATH\Controllers\Home.php on line 158.
 1 [internal function]: CodeIgniter\Debug\Exceptions->errorHandler(2, 'unlink(./img/product/lahmacun-findik.jpg): Permission denied', 'APPPATH\\Controllers\\Home.php', 158)
 2 APPPATH\Controllers\Home.php(158): unlink('FCPATH\\img\\product\\lahmacun-findik.jpg')
 3 SYSTEMPATH\CodeIgniter.php(904): App\Controllers\Home->productsDelete('13')
 4 SYSTEMPATH\CodeIgniter.php(457): CodeIgniter\CodeIgniter->runController(Object(App\Controllers\Home))
 5 SYSTEMPATH\CodeIgniter.php(340): CodeIgniter\CodeIgniter->handleRequest(null, Object(Config\Cache), false)
 6 FCPATH\index.php(67): CodeIgniter\CodeIgniter->run()
CRITICAL - 2025-09-14 00:55:07 --> unlink(./img/product/lahmacun-findik.jpg): Permission denied
in APPPATH\Controllers\Home.php on line 158.
 1 [internal function]: CodeIgniter\Debug\Exceptions->errorHandler(2, 'unlink(./img/product/lahmacun-findik.jpg): Permission denied', 'APPPATH\\Controllers\\Home.php', 158)
 2 APPPATH\Controllers\Home.php(158): unlink('FCPATH\\img\\product\\lahmacun-findik.jpg')
 3 SYSTEMPATH\CodeIgniter.php(904): App\Controllers\Home->productsDelete('13')
 4 SYSTEMPATH\CodeIgniter.php(457): CodeIgniter\CodeIgniter->runController(Object(App\Controllers\Home))
 5 SYSTEMPATH\CodeIgniter.php(340): CodeIgniter\CodeIgniter->handleRequest(null, Object(Config\Cache), false)
 6 FCPATH\index.php(67): CodeIgniter\CodeIgniter->run()
CRITICAL - 2025-09-14 00:55:11 --> unlink(./img/product/lahmacun-findik.jpg): Permission denied
in APPPATH\Controllers\Home.php on line 158.
 1 [internal function]: CodeIgniter\Debug\Exceptions->errorHandler(2, 'unlink(./img/product/lahmacun-findik.jpg): Permission denied', 'APPPATH\\Controllers\\Home.php', 158)
 2 APPPATH\Controllers\Home.php(158): unlink('FCPATH\\img\\product\\lahmacun-findik.jpg')
 3 SYSTEMPATH\CodeIgniter.php(904): App\Controllers\Home->productsDelete('13')
 4 SYSTEMPATH\CodeIgniter.php(457): CodeIgniter\CodeIgniter->runController(Object(App\Controllers\Home))
 5 SYSTEMPATH\CodeIgniter.php(340): CodeIgniter\CodeIgniter->handleRequest(null, Object(Config\Cache), false)
 6 FCPATH\index.php(67): CodeIgniter\CodeIgniter->run()
CRITICAL - 2025-09-14 00:55:22 --> unlink(./img/product/lahmacun-findik.jpg): Permission denied
in APPPATH\Controllers\Home.php on line 158.
 1 [internal function]: CodeIgniter\Debug\Exceptions->errorHandler(2, 'unlink(./img/product/lahmacun-findik.jpg): Permission denied', 'APPPATH\\Controllers\\Home.php', 158)
 2 APPPATH\Controllers\Home.php(158): unlink('FCPATH\\img\\product\\lahmacun-findik.jpg')
 3 SYSTEMPATH\CodeIgniter.php(904): App\Controllers\Home->productsDelete('13')
 4 SYSTEMPATH\CodeIgniter.php(457): CodeIgniter\CodeIgniter->runController(Object(App\Controllers\Home))
 5 SYSTEMPATH\CodeIgniter.php(340): CodeIgniter\CodeIgniter->handleRequest(null, Object(Config\Cache), false)
 6 FCPATH\index.php(67): CodeIgniter\CodeIgniter->run()
CRITICAL - 2025-09-14 14:17:40 --> Undefined variable $siteBaslik
in APPPATH\Views\menu.php on line 6.
 1 APPPATH\Views\menu.php(6): CodeIgniter\Debug\Exceptions->errorHandler(2, 'Undefined variable $siteBaslik', 'APPPATH\\Views\\menu.php', 6)
 2 SYSTEMPATH\View\View.php(213): include('APPPATH\\Views\\menu.php')
 3 SYSTEMPATH\View\View.php(216): CodeIgniter\View\View->CodeIgniter\View\{closure}()
 4 SYSTEMPATH\Common.php(1137): CodeIgniter\View\View->render('menu', [], true)
 5 APPPATH\Controllers\Anasayfa.php(21): view('menu', [...])
 6 SYSTEMPATH\CodeIgniter.php(904): App\Controllers\Anasayfa->index()
 7 SYSTEMPATH\CodeIgniter.php(457): CodeIgniter\CodeIgniter->runController(Object(App\Controllers\Anasayfa))
 8 SYSTEMPATH\CodeIgniter.php(340): CodeIgniter\CodeIgniter->handleRequest(null, Object(Config\Cache), false)
 9 FCPATH\index.php(67): CodeIgniter\CodeIgniter->run()
CRITICAL - 2025-09-14 14:19:41 --> Invalid file: frontend/footer.php
in SYSTEMPATH\Exceptions\FrameworkException.php on line 33.
 1 SYSTEMPATH\View\View.php(201): CodeIgniter\Exceptions\FrameworkException::forInvalidFile('frontend/footer.php')
 2 SYSTEMPATH\View\View.php(429): CodeIgniter\View\View->render('frontend/footer', null, true)
 3 APPPATH\Views\menu.php(203): CodeIgniter\View\View->include('frontend/footer')
 4 SYSTEMPATH\View\View.php(213): include('APPPATH\\Views\\menu.php')
 5 SYSTEMPATH\View\View.php(216): CodeIgniter\View\View->CodeIgniter\View\{closure}()
 6 SYSTEMPATH\Common.php(1137): CodeIgniter\View\View->render('menu', [], true)
 7 APPPATH\Controllers\Anasayfa.php(21): view('menu', [...])
 8 SYSTEMPATH\CodeIgniter.php(904): App\Controllers\Anasayfa->index()
 9 SYSTEMPATH\CodeIgniter.php(457): CodeIgniter\CodeIgniter->runController(Object(App\Controllers\Anasayfa))
10 SYSTEMPATH\CodeIgniter.php(340): CodeIgniter\CodeIgniter->handleRequest(null, Object(Config\Cache), false)
11 FCPATH\index.php(67): CodeIgniter\CodeIgniter->run()
CRITICAL - 2025-09-14 14:19:52 --> Invalid file: frontend/footer.php
in SYSTEMPATH\Exceptions\FrameworkException.php on line 33.
 1 SYSTEMPATH\View\View.php(201): CodeIgniter\Exceptions\FrameworkException::forInvalidFile('frontend/footer.php')
 2 SYSTEMPATH\View\View.php(429): CodeIgniter\View\View->render('frontend/footer', null, true)
 3 APPPATH\Views\menu.php(203): CodeIgniter\View\View->include('frontend/footer')
 4 SYSTEMPATH\View\View.php(213): include('APPPATH\\Views\\menu.php')
 5 SYSTEMPATH\View\View.php(216): CodeIgniter\View\View->CodeIgniter\View\{closure}()
 6 SYSTEMPATH\Common.php(1137): CodeIgniter\View\View->render('menu', [], true)
 7 APPPATH\Controllers\Anasayfa.php(21): view('menu', [...])
 8 SYSTEMPATH\CodeIgniter.php(904): App\Controllers\Anasayfa->index()
 9 SYSTEMPATH\CodeIgniter.php(457): CodeIgniter\CodeIgniter->runController(Object(App\Controllers\Anasayfa))
10 SYSTEMPATH\CodeIgniter.php(340): CodeIgniter\CodeIgniter->handleRequest(null, Object(Config\Cache), false)
11 FCPATH\index.php(67): CodeIgniter\CodeIgniter->run()
CRITICAL - 2025-09-14 14:19:52 --> Invalid file: frontend/footer.php
in SYSTEMPATH\Exceptions\FrameworkException.php on line 33.
 1 SYSTEMPATH\View\View.php(201): CodeIgniter\Exceptions\FrameworkException::forInvalidFile('frontend/footer.php')
 2 SYSTEMPATH\View\View.php(429): CodeIgniter\View\View->render('frontend/footer', null, true)
 3 APPPATH\Views\menu.php(203): CodeIgniter\View\View->include('frontend/footer')
 4 SYSTEMPATH\View\View.php(213): include('APPPATH\\Views\\menu.php')
 5 SYSTEMPATH\View\View.php(216): CodeIgniter\View\View->CodeIgniter\View\{closure}()
 6 SYSTEMPATH\Common.php(1137): CodeIgniter\View\View->render('menu', [], true)
 7 APPPATH\Controllers\Anasayfa.php(21): view('menu', [...])
 8 SYSTEMPATH\CodeIgniter.php(904): App\Controllers\Anasayfa->index()
 9 SYSTEMPATH\CodeIgniter.php(457): CodeIgniter\CodeIgniter->runController(Object(App\Controllers\Anasayfa))
10 SYSTEMPATH\CodeIgniter.php(340): CodeIgniter\CodeIgniter->handleRequest(null, Object(Config\Cache), false)
11 FCPATH\index.php(67): CodeIgniter\CodeIgniter->run()
CRITICAL - 2025-09-14 15:50:46 --> syntax error, unexpected end of file, expecting "elseif" or "else" or "endif"
in APPPATH\Views\menu.php on line 308.
 1 SYSTEMPATH\View\View.php(216): CodeIgniter\View\View->CodeIgniter\View\{closure}()
 2 SYSTEMPATH\Common.php(1137): CodeIgniter\View\View->render('menu', [], true)
 3 APPPATH\Controllers\Anasayfa.php(21): view('menu', [...])
 4 SYSTEMPATH\CodeIgniter.php(904): App\Controllers\Anasayfa->index()
 5 SYSTEMPATH\CodeIgniter.php(457): CodeIgniter\CodeIgniter->runController(Object(App\Controllers\Anasayfa))
 6 SYSTEMPATH\CodeIgniter.php(340): CodeIgniter\CodeIgniter->handleRequest(null, Object(Config\Cache), false)
 7 FCPATH\index.php(67): CodeIgniter\CodeIgniter->run()
CRITICAL - 2025-09-14 15:50:47 --> syntax error, unexpected end of file, expecting "elseif" or "else" or "endif"
in APPPATH\Views\menu.php on line 308.
 1 SYSTEMPATH\View\View.php(216): CodeIgniter\View\View->CodeIgniter\View\{closure}()
 2 SYSTEMPATH\Common.php(1137): CodeIgniter\View\View->render('menu', [], true)
 3 APPPATH\Controllers\Anasayfa.php(21): view('menu', [...])
 4 SYSTEMPATH\CodeIgniter.php(904): App\Controllers\Anasayfa->index()
 5 SYSTEMPATH\CodeIgniter.php(457): CodeIgniter\CodeIgniter->runController(Object(App\Controllers\Anasayfa))
 6 SYSTEMPATH\CodeIgniter.php(340): CodeIgniter\CodeIgniter->handleRequest(null, Object(Config\Cache), false)
 7 FCPATH\index.php(67): CodeIgniter\CodeIgniter->run()
CRITICAL - 2025-09-14 16:17:05 --> Undefined array key "location_url"
in APPPATH\Views\backend\settingsView.php on line 85.
 1 APPPATH\Views\backend\settingsView.php(85): CodeIgniter\Debug\Exceptions->errorHandler(2, 'Undefined array key "location_url"', 'APPPATH\\Views\\backend\\settingsView.php', 85)
 2 SYSTEMPATH\View\View.php(213): include('APPPATH\\Views\\backend\\settingsView.php')
 3 SYSTEMPATH\View\View.php(216): CodeIgniter\View\View->CodeIgniter\View\{closure}()
 4 SYSTEMPATH\Common.php(1137): CodeIgniter\View\View->render('/backend/settingsView', [], true)
 5 APPPATH\Config\Routes.php(81): view('/backend/settingsView', [...])
 6 SYSTEMPATH\CodeIgniter.php(845): CodeIgniter\CodeIgniter::Config\{closure}()
 7 SYSTEMPATH\CodeIgniter.php(444): CodeIgniter\CodeIgniter->startController()
 8 SYSTEMPATH\CodeIgniter.php(340): CodeIgniter\CodeIgniter->handleRequest(null, Object(Config\Cache), false)
 9 FCPATH\index.php(67): CodeIgniter\CodeIgniter->run()
CRITICAL - 2025-09-14 16:20:48 --> Undefined array key "location_url"
in APPPATH\Views\backend\settingsView.php on line 85.
 1 APPPATH\Views\backend\settingsView.php(85): CodeIgniter\Debug\Exceptions->errorHandler(2, 'Undefined array key "location_url"', 'APPPATH\\Views\\backend\\settingsView.php', 85)
 2 SYSTEMPATH\View\View.php(213): include('APPPATH\\Views\\backend\\settingsView.php')
 3 SYSTEMPATH\View\View.php(216): CodeIgniter\View\View->CodeIgniter\View\{closure}()
 4 SYSTEMPATH\Common.php(1137): CodeIgniter\View\View->render('/backend/settingsView', [], true)
 5 APPPATH\Config\Routes.php(81): view('/backend/settingsView', [...])
 6 SYSTEMPATH\CodeIgniter.php(845): CodeIgniter\CodeIgniter::Config\{closure}()
 7 SYSTEMPATH\CodeIgniter.php(444): CodeIgniter\CodeIgniter->startController()
 8 SYSTEMPATH\CodeIgniter.php(340): CodeIgniter\CodeIgniter->handleRequest(null, Object(Config\Cache), false)
 9 FCPATH\index.php(67): CodeIgniter\CodeIgniter->run()
CRITICAL - 2025-09-14 16:23:36 --> Undefined array key "location_url"
in APPPATH\Views\backend\settingsView.php on line 85.
 1 APPPATH\Views\backend\settingsView.php(85): CodeIgniter\Debug\Exceptions->errorHandler(2, 'Undefined array key "location_url"', 'APPPATH\\Views\\backend\\settingsView.php', 85)
 2 SYSTEMPATH\View\View.php(213): include('APPPATH\\Views\\backend\\settingsView.php')
 3 SYSTEMPATH\View\View.php(216): CodeIgniter\View\View->CodeIgniter\View\{closure}()
 4 SYSTEMPATH\Common.php(1137): CodeIgniter\View\View->render('/backend/settingsView', [], true)
 5 APPPATH\Config\Routes.php(81): view('/backend/settingsView', [...])
 6 SYSTEMPATH\CodeIgniter.php(845): CodeIgniter\CodeIgniter::Config\{closure}()
 7 SYSTEMPATH\CodeIgniter.php(444): CodeIgniter\CodeIgniter->startController()
 8 SYSTEMPATH\CodeIgniter.php(340): CodeIgniter\CodeIgniter->handleRequest(null, Object(Config\Cache), false)
 9 FCPATH\index.php(67): CodeIgniter\CodeIgniter->run()
CRITICAL - 2025-09-14 16:26:01 --> Undefined array key "location_url"
in APPPATH\Views\backend\settingsView.php on line 85.
 1 APPPATH\Views\backend\settingsView.php(85): CodeIgniter\Debug\Exceptions->errorHandler(2, 'Undefined array key "location_url"', 'APPPATH\\Views\\backend\\settingsView.php', 85)
 2 SYSTEMPATH\View\View.php(213): include('APPPATH\\Views\\backend\\settingsView.php')
 3 SYSTEMPATH\View\View.php(216): CodeIgniter\View\View->CodeIgniter\View\{closure}()
 4 SYSTEMPATH\Common.php(1137): CodeIgniter\View\View->render('/backend/settingsView', [], true)
 5 APPPATH\Config\Routes.php(81): view('/backend/settingsView', [...])
 6 SYSTEMPATH\CodeIgniter.php(845): CodeIgniter\CodeIgniter::Config\{closure}()
 7 SYSTEMPATH\CodeIgniter.php(444): CodeIgniter\CodeIgniter->startController()
 8 SYSTEMPATH\CodeIgniter.php(340): CodeIgniter\CodeIgniter->handleRequest(null, Object(Config\Cache), false)
 9 FCPATH\index.php(67): CodeIgniter\CodeIgniter->run()
CRITICAL - 2025-09-14 16:26:05 --> Undefined array key "location_url"
in APPPATH\Views\backend\settingsView.php on line 85.
 1 APPPATH\Views\backend\settingsView.php(85): CodeIgniter\Debug\Exceptions->errorHandler(2, 'Undefined array key "location_url"', 'APPPATH\\Views\\backend\\settingsView.php', 85)
 2 SYSTEMPATH\View\View.php(213): include('APPPATH\\Views\\backend\\settingsView.php')
 3 SYSTEMPATH\View\View.php(216): CodeIgniter\View\View->CodeIgniter\View\{closure}()
 4 SYSTEMPATH\Common.php(1137): CodeIgniter\View\View->render('/backend/settingsView', [], true)
 5 APPPATH\Config\Routes.php(81): view('/backend/settingsView', [...])
 6 SYSTEMPATH\CodeIgniter.php(845): CodeIgniter\CodeIgniter::Config\{closure}()
 7 SYSTEMPATH\CodeIgniter.php(444): CodeIgniter\CodeIgniter->startController()
 8 SYSTEMPATH\CodeIgniter.php(340): CodeIgniter\CodeIgniter->handleRequest(null, Object(Config\Cache), false)
 9 FCPATH\index.php(67): CodeIgniter\CodeIgniter->run()
CRITICAL - 2025-09-14 16:26:29 --> Undefined array key "location_url"
in APPPATH\Views\backend\settingsView.php on line 85.
 1 APPPATH\Views\backend\settingsView.php(85): CodeIgniter\Debug\Exceptions->errorHandler(2, 'Undefined array key "location_url"', 'APPPATH\\Views\\backend\\settingsView.php', 85)
 2 SYSTEMPATH\View\View.php(213): include('APPPATH\\Views\\backend\\settingsView.php')
 3 SYSTEMPATH\View\View.php(216): CodeIgniter\View\View->CodeIgniter\View\{closure}()
 4 SYSTEMPATH\Common.php(1137): CodeIgniter\View\View->render('/backend/settingsView', [], true)
 5 APPPATH\Config\Routes.php(81): view('/backend/settingsView', [...])
 6 SYSTEMPATH\CodeIgniter.php(845): CodeIgniter\CodeIgniter::Config\{closure}()
 7 SYSTEMPATH\CodeIgniter.php(444): CodeIgniter\CodeIgniter->startController()
 8 SYSTEMPATH\CodeIgniter.php(340): CodeIgniter\CodeIgniter->handleRequest(null, Object(Config\Cache), false)
 9 FCPATH\index.php(67): CodeIgniter\CodeIgniter->run()
CRITICAL - 2025-09-14 16:26:34 --> Undefined array key "location_url"
in APPPATH\Views\backend\settingsView.php on line 85.
 1 APPPATH\Views\backend\settingsView.php(85): CodeIgniter\Debug\Exceptions->errorHandler(2, 'Undefined array key "location_url"', 'APPPATH\\Views\\backend\\settingsView.php', 85)
 2 SYSTEMPATH\View\View.php(213): include('APPPATH\\Views\\backend\\settingsView.php')
 3 SYSTEMPATH\View\View.php(216): CodeIgniter\View\View->CodeIgniter\View\{closure}()
 4 SYSTEMPATH\Common.php(1137): CodeIgniter\View\View->render('/backend/settingsView', [], true)
 5 APPPATH\Config\Routes.php(81): view('/backend/settingsView', [...])
 6 SYSTEMPATH\CodeIgniter.php(845): CodeIgniter\CodeIgniter::Config\{closure}()
 7 SYSTEMPATH\CodeIgniter.php(444): CodeIgniter\CodeIgniter->startController()
 8 SYSTEMPATH\CodeIgniter.php(340): CodeIgniter\CodeIgniter->handleRequest(null, Object(Config\Cache), false)
 9 FCPATH\index.php(67): CodeIgniter\CodeIgniter->run()
CRITICAL - 2025-09-14 16:26:42 --> Trying to access array offset on value of type null
in APPPATH\Views\backend\include\header.php on line 6.
 1 APPPATH\Views\backend\include\header.php(6): CodeIgniter\Debug\Exceptions->errorHandler(2, 'Trying to access array offset on value of type null', 'APPPATH\\Views\\backend\\include\\header.php', 6)
 2 SYSTEMPATH\View\View.php(213): include('APPPATH\\Views\\backend\\include\\header.php')
 3 SYSTEMPATH\View\View.php(216): CodeIgniter\View\View->CodeIgniter\View\{closure}()
 4 SYSTEMPATH\View\View.php(429): CodeIgniter\View\View->render('backend/include/header', null, true)
 5 APPPATH\Views\backend\settingsView.php(1): CodeIgniter\View\View->include('backend/include/header')
 6 SYSTEMPATH\View\View.php(213): include('APPPATH\\Views\\backend\\settingsView.php')
 7 SYSTEMPATH\View\View.php(216): CodeIgniter\View\View->CodeIgniter\View\{closure}()
 8 SYSTEMPATH\Common.php(1137): CodeIgniter\View\View->render('/backend/settingsView', [], true)
 9 APPPATH\Config\Routes.php(81): view('/backend/settingsView', [...])
10 SYSTEMPATH\CodeIgniter.php(845): CodeIgniter\CodeIgniter::Config\{closure}()
11 SYSTEMPATH\CodeIgniter.php(444): CodeIgniter\CodeIgniter->startController()
12 SYSTEMPATH\CodeIgniter.php(340): CodeIgniter\CodeIgniter->handleRequest(null, Object(Config\Cache), false)
13 FCPATH\index.php(67): CodeIgniter\CodeIgniter->run()
CRITICAL - 2025-09-14 16:26:45 --> Trying to access array offset on value of type null
in APPPATH\Views\backend\include\header.php on line 6.
 1 APPPATH\Views\backend\include\header.php(6): CodeIgniter\Debug\Exceptions->errorHandler(2, 'Trying to access array offset on value of type null', 'APPPATH\\Views\\backend\\include\\header.php', 6)
 2 SYSTEMPATH\View\View.php(213): include('APPPATH\\Views\\backend\\include\\header.php')
 3 SYSTEMPATH\View\View.php(216): CodeIgniter\View\View->CodeIgniter\View\{closure}()
 4 SYSTEMPATH\View\View.php(429): CodeIgniter\View\View->render('backend/include/header', null, true)
 5 APPPATH\Views\backend\settingsView.php(1): CodeIgniter\View\View->include('backend/include/header')
 6 SYSTEMPATH\View\View.php(213): include('APPPATH\\Views\\backend\\settingsView.php')
 7 SYSTEMPATH\View\View.php(216): CodeIgniter\View\View->CodeIgniter\View\{closure}()
 8 SYSTEMPATH\Common.php(1137): CodeIgniter\View\View->render('/backend/settingsView', [], true)
 9 APPPATH\Config\Routes.php(81): view('/backend/settingsView', [...])
10 SYSTEMPATH\CodeIgniter.php(845): CodeIgniter\CodeIgniter::Config\{closure}()
11 SYSTEMPATH\CodeIgniter.php(444): CodeIgniter\CodeIgniter->startController()
12 SYSTEMPATH\CodeIgniter.php(340): CodeIgniter\CodeIgniter->handleRequest(null, Object(Config\Cache), false)
13 FCPATH\index.php(67): CodeIgniter\CodeIgniter->run()
CRITICAL - 2025-09-14 16:26:49 --> Trying to access array offset on value of type null
in APPPATH\Views\backend\include\header.php on line 6.
 1 APPPATH\Views\backend\include\header.php(6): CodeIgniter\Debug\Exceptions->errorHandler(2, 'Trying to access array offset on value of type null', 'APPPATH\\Views\\backend\\include\\header.php', 6)
 2 SYSTEMPATH\View\View.php(213): include('APPPATH\\Views\\backend\\include\\header.php')
 3 SYSTEMPATH\View\View.php(216): CodeIgniter\View\View->CodeIgniter\View\{closure}()
 4 SYSTEMPATH\View\View.php(429): CodeIgniter\View\View->render('backend/include/header', null, true)
 5 APPPATH\Views\backend\settingsView.php(1): CodeIgniter\View\View->include('backend/include/header')
 6 SYSTEMPATH\View\View.php(213): include('APPPATH\\Views\\backend\\settingsView.php')
 7 SYSTEMPATH\View\View.php(216): CodeIgniter\View\View->CodeIgniter\View\{closure}()
 8 SYSTEMPATH\Common.php(1137): CodeIgniter\View\View->render('/backend/settingsView', [], true)
 9 APPPATH\Config\Routes.php(81): view('/backend/settingsView', [...])
10 SYSTEMPATH\CodeIgniter.php(845): CodeIgniter\CodeIgniter::Config\{closure}()
11 SYSTEMPATH\CodeIgniter.php(444): CodeIgniter\CodeIgniter->startController()
12 SYSTEMPATH\CodeIgniter.php(340): CodeIgniter\CodeIgniter->handleRequest(null, Object(Config\Cache), false)
13 FCPATH\index.php(67): CodeIgniter\CodeIgniter->run()
CRITICAL - 2025-09-14 16:27:17 --> Undefined array key "location_url"
in APPPATH\Views\backend\settingsView.php on line 85.
 1 APPPATH\Views\backend\settingsView.php(85): CodeIgniter\Debug\Exceptions->errorHandler(2, 'Undefined array key "location_url"', 'APPPATH\\Views\\backend\\settingsView.php', 85)
 2 SYSTEMPATH\View\View.php(213): include('APPPATH\\Views\\backend\\settingsView.php')
 3 SYSTEMPATH\View\View.php(216): CodeIgniter\View\View->CodeIgniter\View\{closure}()
 4 SYSTEMPATH\Common.php(1137): CodeIgniter\View\View->render('/backend/settingsView', [], true)
 5 APPPATH\Config\Routes.php(81): view('/backend/settingsView', [...])
 6 SYSTEMPATH\CodeIgniter.php(845): CodeIgniter\CodeIgniter::Config\{closure}()
 7 SYSTEMPATH\CodeIgniter.php(444): CodeIgniter\CodeIgniter->startController()
 8 SYSTEMPATH\CodeIgniter.php(340): CodeIgniter\CodeIgniter->handleRequest(null, Object(Config\Cache), false)
 9 FCPATH\index.php(67): CodeIgniter\CodeIgniter->run()
CRITICAL - 2025-09-14 16:27:32 --> Undefined array key "location_url"
in APPPATH\Views\backend\settingsView.php on line 85.
 1 APPPATH\Views\backend\settingsView.php(85): CodeIgniter\Debug\Exceptions->errorHandler(2, 'Undefined array key "location_url"', 'APPPATH\\Views\\backend\\settingsView.php', 85)
 2 SYSTEMPATH\View\View.php(213): include('APPPATH\\Views\\backend\\settingsView.php')
 3 SYSTEMPATH\View\View.php(216): CodeIgniter\View\View->CodeIgniter\View\{closure}()
 4 SYSTEMPATH\Common.php(1137): CodeIgniter\View\View->render('/backend/settingsView', [], true)
 5 APPPATH\Config\Routes.php(81): view('/backend/settingsView', [...])
 6 SYSTEMPATH\CodeIgniter.php(845): CodeIgniter\CodeIgniter::Config\{closure}()
 7 SYSTEMPATH\CodeIgniter.php(444): CodeIgniter\CodeIgniter->startController()
 8 SYSTEMPATH\CodeIgniter.php(340): CodeIgniter\CodeIgniter->handleRequest(null, Object(Config\Cache), false)
 9 FCPATH\index.php(67): CodeIgniter\CodeIgniter->run()
CRITICAL - 2025-09-14 16:27:39 --> Undefined array key "location_url"
in APPPATH\Views\backend\settingsView.php on line 85.
 1 APPPATH\Views\backend\settingsView.php(85): CodeIgniter\Debug\Exceptions->errorHandler(2, 'Undefined array key "location_url"', 'APPPATH\\Views\\backend\\settingsView.php', 85)
 2 SYSTEMPATH\View\View.php(213): include('APPPATH\\Views\\backend\\settingsView.php')
 3 SYSTEMPATH\View\View.php(216): CodeIgniter\View\View->CodeIgniter\View\{closure}()
 4 SYSTEMPATH\Common.php(1137): CodeIgniter\View\View->render('/backend/settingsView', [], true)
 5 APPPATH\Config\Routes.php(81): view('/backend/settingsView', [...])
 6 SYSTEMPATH\CodeIgniter.php(845): CodeIgniter\CodeIgniter::Config\{closure}()
 7 SYSTEMPATH\CodeIgniter.php(444): CodeIgniter\CodeIgniter->startController()
 8 SYSTEMPATH\CodeIgniter.php(340): CodeIgniter\CodeIgniter->handleRequest(null, Object(Config\Cache), false)
 9 FCPATH\index.php(67): CodeIgniter\CodeIgniter->run()
CRITICAL - 2025-09-14 16:30:39 --> Undefined array key "location_url"
in APPPATH\Views\backend\settingsView.php on line 85.
 1 APPPATH\Views\backend\settingsView.php(85): CodeIgniter\Debug\Exceptions->errorHandler(2, 'Undefined array key "location_url"', 'APPPATH\\Views\\backend\\settingsView.php', 85)
 2 SYSTEMPATH\View\View.php(213): include('APPPATH\\Views\\backend\\settingsView.php')
 3 SYSTEMPATH\View\View.php(216): CodeIgniter\View\View->CodeIgniter\View\{closure}()
 4 SYSTEMPATH\Common.php(1137): CodeIgniter\View\View->render('/backend/settingsView', [], true)
 5 APPPATH\Config\Routes.php(81): view('/backend/settingsView', [...])
 6 SYSTEMPATH\CodeIgniter.php(845): CodeIgniter\CodeIgniter::Config\{closure}()
 7 SYSTEMPATH\CodeIgniter.php(444): CodeIgniter\CodeIgniter->startController()
 8 SYSTEMPATH\CodeIgniter.php(340): CodeIgniter\CodeIgniter->handleRequest(null, Object(Config\Cache), false)
 9 FCPATH\index.php(67): CodeIgniter\CodeIgniter->run()
CRITICAL - 2025-09-14 16:30:48 --> Undefined array key "location_url"
in APPPATH\Views\backend\settingsView.php on line 85.
 1 APPPATH\Views\backend\settingsView.php(85): CodeIgniter\Debug\Exceptions->errorHandler(2, 'Undefined array key "location_url"', 'APPPATH\\Views\\backend\\settingsView.php', 85)
 2 SYSTEMPATH\View\View.php(213): include('APPPATH\\Views\\backend\\settingsView.php')
 3 SYSTEMPATH\View\View.php(216): CodeIgniter\View\View->CodeIgniter\View\{closure}()
 4 SYSTEMPATH\Common.php(1137): CodeIgniter\View\View->render('/backend/settingsView', [], true)
 5 APPPATH\Config\Routes.php(81): view('/backend/settingsView', [...])
 6 SYSTEMPATH\CodeIgniter.php(845): CodeIgniter\CodeIgniter::Config\{closure}()
 7 SYSTEMPATH\CodeIgniter.php(444): CodeIgniter\CodeIgniter->startController()
 8 SYSTEMPATH\CodeIgniter.php(340): CodeIgniter\CodeIgniter->handleRequest(null, Object(Config\Cache), false)
 9 FCPATH\index.php(67): CodeIgniter\CodeIgniter->run()
CRITICAL - 2025-09-14 16:32:33 --> Undefined array key "location_url"
in APPPATH\Views\backend\settingsView.php on line 85.
 1 APPPATH\Views\backend\settingsView.php(85): CodeIgniter\Debug\Exceptions->errorHandler(2, 'Undefined array key "location_url"', 'APPPATH\\Views\\backend\\settingsView.php', 85)
 2 SYSTEMPATH\View\View.php(213): include('APPPATH\\Views\\backend\\settingsView.php')
 3 SYSTEMPATH\View\View.php(216): CodeIgniter\View\View->CodeIgniter\View\{closure}()
 4 SYSTEMPATH\Common.php(1137): CodeIgniter\View\View->render('/backend/settingsView', [], true)
 5 APPPATH\Config\Routes.php(81): view('/backend/settingsView', [...])
 6 SYSTEMPATH\CodeIgniter.php(845): CodeIgniter\CodeIgniter::Config\{closure}()
 7 SYSTEMPATH\CodeIgniter.php(444): CodeIgniter\CodeIgniter->startController()
 8 SYSTEMPATH\CodeIgniter.php(340): CodeIgniter\CodeIgniter->handleRequest(null, Object(Config\Cache), false)
 9 FCPATH\index.php(67): CodeIgniter\CodeIgniter->run()
CRITICAL - 2025-09-14 16:32:38 --> Undefined array key "location_url"
in APPPATH\Views\backend\settingsView.php on line 85.
 1 APPPATH\Views\backend\settingsView.php(85): CodeIgniter\Debug\Exceptions->errorHandler(2, 'Undefined array key "location_url"', 'APPPATH\\Views\\backend\\settingsView.php', 85)
 2 SYSTEMPATH\View\View.php(213): include('APPPATH\\Views\\backend\\settingsView.php')
 3 SYSTEMPATH\View\View.php(216): CodeIgniter\View\View->CodeIgniter\View\{closure}()
 4 SYSTEMPATH\Common.php(1137): CodeIgniter\View\View->render('/backend/settingsView', [], true)
 5 APPPATH\Config\Routes.php(81): view('/backend/settingsView', [...])
 6 SYSTEMPATH\CodeIgniter.php(845): CodeIgniter\CodeIgniter::Config\{closure}()
 7 SYSTEMPATH\CodeIgniter.php(444): CodeIgniter\CodeIgniter->startController()
 8 SYSTEMPATH\CodeIgniter.php(340): CodeIgniter\CodeIgniter->handleRequest(null, Object(Config\Cache), false)
 9 FCPATH\index.php(67): CodeIgniter\CodeIgniter->run()
CRITICAL - 2025-09-14 16:34:49 --> Undefined array key "location_url"
in APPPATH\Views\backend\settingsView.php on line 85.
 1 APPPATH\Views\backend\settingsView.php(85): CodeIgniter\Debug\Exceptions->errorHandler(2, 'Undefined array key "location_url"', 'APPPATH\\Views\\backend\\settingsView.php', 85)
 2 SYSTEMPATH\View\View.php(213): include('APPPATH\\Views\\backend\\settingsView.php')
 3 SYSTEMPATH\View\View.php(216): CodeIgniter\View\View->CodeIgniter\View\{closure}()
 4 SYSTEMPATH\Common.php(1137): CodeIgniter\View\View->render('/backend/settingsView', [], true)
 5 APPPATH\Config\Routes.php(81): view('/backend/settingsView', [...])
 6 SYSTEMPATH\CodeIgniter.php(845): CodeIgniter\CodeIgniter::Config\{closure}()
 7 SYSTEMPATH\CodeIgniter.php(444): CodeIgniter\CodeIgniter->startController()
 8 SYSTEMPATH\CodeIgniter.php(340): CodeIgniter\CodeIgniter->handleRequest(null, Object(Config\Cache), false)
 9 FCPATH\index.php(67): CodeIgniter\CodeIgniter->run()
CRITICAL - 2025-09-14 16:34:54 --> Undefined array key "location_url"
in APPPATH\Views\backend\settingsView.php on line 85.
 1 APPPATH\Views\backend\settingsView.php(85): CodeIgniter\Debug\Exceptions->errorHandler(2, 'Undefined array key "location_url"', 'APPPATH\\Views\\backend\\settingsView.php', 85)
 2 SYSTEMPATH\View\View.php(213): include('APPPATH\\Views\\backend\\settingsView.php')
 3 SYSTEMPATH\View\View.php(216): CodeIgniter\View\View->CodeIgniter\View\{closure}()
 4 SYSTEMPATH\Common.php(1137): CodeIgniter\View\View->render('/backend/settingsView', [], true)
 5 APPPATH\Config\Routes.php(81): view('/backend/settingsView', [...])
 6 SYSTEMPATH\CodeIgniter.php(845): CodeIgniter\CodeIgniter::Config\{closure}()
 7 SYSTEMPATH\CodeIgniter.php(444): CodeIgniter\CodeIgniter->startController()
 8 SYSTEMPATH\CodeIgniter.php(340): CodeIgniter\CodeIgniter->handleRequest(null, Object(Config\Cache), false)
 9 FCPATH\index.php(67): CodeIgniter\CodeIgniter->run()
