CRITICAL - 2026-03-23 00:15:17 --> Undefined variable $baseURL
in APPPATH\Views\backend\include\header.php on line 13.
 1 APPPATH\Views\backend\include\header.php(13): CodeIgniter\Debug\Exceptions->errorHandler(2, 'Undefined variable $baseURL', 'APPPATH\\Views\\backend\\include\\header.php', 13)
 2 SYSTEMPATH\View\View.php(213): include('APPPATH\\Views\\backend\\include\\header.php')
 3 SYSTEMPATH\View\View.php(216): CodeIgniter\View\View->CodeIgniter\View\{closure}()
 4 SYSTEMPATH\View\View.php(429): CodeIgniter\View\View->render('backend/include/header', null, true)
 5 APPPATH\Views\backend\panel.php(1): CodeIgniter\View\View->include('backend/include/header')
 6 SYSTEMPATH\View\View.php(213): include('APPPATH\\Views\\backend\\panel.php')
 7 SYSTEMPATH\View\View.php(216): CodeIgniter\View\View->CodeIgniter\View\{closure}()
 8 SYSTEMPATH\Common.php(1137): CodeIgniter\View\View->render('backend/panel', [], true)
 9 APPPATH\Controllers\Home.php(52): view('backend/panel', [...])
10 SYSTEMPATH\CodeIgniter.php(904): App\Controllers\Home->panel()
11 SYSTEMPATH\CodeIgniter.php(457): CodeIgniter\CodeIgniter->runController(Object(App\Controllers\Home))
12 SYSTEMPATH\CodeIgniter.php(340): CodeIgniter\CodeIgniter->handleRequest(null, Object(Config\Cache), false)
13 FCPATH\index.php(67): CodeIgniter\CodeIgniter->run()
CRITICAL - 2026-03-23 00:27:28 --> Undefined variable $baseURL
in APPPATH\Views\backend\include\header.php on line 13.
 1 APPPATH\Views\backend\include\header.php(13): CodeIgniter\Debug\Exceptions->errorHandler(2, 'Undefined variable $baseURL', 'APPPATH\\Views\\backend\\include\\header.php', 13)
 2 SYSTEMPATH\View\View.php(213): include('APPPATH\\Views\\backend\\include\\header.php')
 3 SYSTEMPATH\View\View.php(216): CodeIgniter\View\View->CodeIgniter\View\{closure}()
 4 SYSTEMPATH\View\View.php(429): CodeIgniter\View\View->render('backend/include/header', null, true)
 5 APPPATH\Views\backend\panel.php(1): CodeIgniter\View\View->include('backend/include/header')
 6 SYSTEMPATH\View\View.php(213): include('APPPATH\\Views\\backend\\panel.php')
 7 SYSTEMPATH\View\View.php(216): CodeIgniter\View\View->CodeIgniter\View\{closure}()
 8 SYSTEMPATH\Common.php(1137): CodeIgniter\View\View->render('backend/panel', [], true)
 9 APPPATH\Controllers\Home.php(52): view('backend/panel', [...])
10 SYSTEMPATH\CodeIgniter.php(904): App\Controllers\Home->panel()
11 SYSTEMPATH\CodeIgniter.php(457): CodeIgniter\CodeIgniter->runController(Object(App\Controllers\Home))
12 SYSTEMPATH\CodeIgniter.php(340): CodeIgniter\CodeIgniter->handleRequest(null, Object(Config\Cache), false)
13 FCPATH\index.php(67): CodeIgniter\CodeIgniter->run()
CRITICAL - 2026-03-23 00:29:44 --> Undefined variable $baseUrl
in APPPATH\Views\backend\include\leftmenu.php on line 51.
 1 APPPATH\Views\backend\include\leftmenu.php(51): CodeIgniter\Debug\Exceptions->errorHandler(2, 'Undefined variable $baseUrl', 'APPPATH\\Views\\backend\\include\\leftmenu.php', 51)
 2 SYSTEMPATH\View\View.php(213): include('APPPATH\\Views\\backend\\include\\leftmenu.php')
 3 SYSTEMPATH\View\View.php(216): CodeIgniter\View\View->CodeIgniter\View\{closure}()
 4 SYSTEMPATH\View\View.php(429): CodeIgniter\View\View->render('backend/include/leftmenu', null, true)
 5 APPPATH\Views\backend\panel.php(6): CodeIgniter\View\View->include('backend/include/leftmenu')
 6 SYSTEMPATH\View\View.php(213): include('APPPATH\\Views\\backend\\panel.php')
 7 SYSTEMPATH\View\View.php(216): CodeIgniter\View\View->CodeIgniter\View\{closure}()
 8 SYSTEMPATH\Common.php(1137): CodeIgniter\View\View->render('backend/panel', [], true)
 9 APPPATH\Controllers\Home.php(52): view('backend/panel', [...])
10 SYSTEMPATH\CodeIgniter.php(904): App\Controllers\Home->panel()
11 SYSTEMPATH\CodeIgniter.php(457): CodeIgniter\CodeIgniter->runController(Object(App\Controllers\Home))
12 SYSTEMPATH\CodeIgniter.php(340): CodeIgniter\CodeIgniter->handleRequest(null, Object(Config\Cache), false)
13 FCPATH\index.php(67): CodeIgniter\CodeIgniter->run()
CRITICAL - 2026-03-23 00:35:16 --> Undefined property: CodeIgniter\View\View::$baseURL
in APPPATH\Views\backend\include\header.php on line 13.
 1 APPPATH\Views\backend\include\header.php(13): CodeIgniter\Debug\Exceptions->errorHandler(2, 'Undefined property: CodeIgniter\\View\\View::$baseURL', 'APPPATH\\Views\\backend\\include\\header.php', 13)
 2 SYSTEMPATH\View\View.php(213): include('APPPATH\\Views\\backend\\include\\header.php')
 3 SYSTEMPATH\View\View.php(216): CodeIgniter\View\View->CodeIgniter\View\{closure}()
 4 SYSTEMPATH\View\View.php(429): CodeIgniter\View\View->render('backend/include/header', null, true)
 5 APPPATH\Views\backend\panel.php(1): CodeIgniter\View\View->include('backend/include/header')
 6 SYSTEMPATH\View\View.php(213): include('APPPATH\\Views\\backend\\panel.php')
 7 SYSTEMPATH\View\View.php(216): CodeIgniter\View\View->CodeIgniter\View\{closure}()
 8 SYSTEMPATH\Common.php(1137): CodeIgniter\View\View->render('backend/panel', [], true)
 9 APPPATH\Controllers\Home.php(52): view('backend/panel', [...])
10 SYSTEMPATH\CodeIgniter.php(904): App\Controllers\Home->panel()
11 SYSTEMPATH\CodeIgniter.php(457): CodeIgniter\CodeIgniter->runController(Object(App\Controllers\Home))
12 SYSTEMPATH\CodeIgniter.php(340): CodeIgniter\CodeIgniter->handleRequest(null, Object(Config\Cache), false)
13 FCPATH\index.php(67): CodeIgniter\CodeIgniter->run()
CRITICAL - 2026-03-23 00:35:43 --> Undefined variable $baseURL
in APPPATH\Views\backend\include\header.php on line 13.
 1 APPPATH\Views\backend\include\header.php(13): CodeIgniter\Debug\Exceptions->errorHandler(2, 'Undefined variable $baseURL', 'APPPATH\\Views\\backend\\include\\header.php', 13)
 2 SYSTEMPATH\View\View.php(213): include('APPPATH\\Views\\backend\\include\\header.php')
 3 SYSTEMPATH\View\View.php(216): CodeIgniter\View\View->CodeIgniter\View\{closure}()
 4 SYSTEMPATH\View\View.php(429): CodeIgniter\View\View->render('backend/include/header', null, true)
 5 APPPATH\Views\backend\panel.php(1): CodeIgniter\View\View->include('backend/include/header')
 6 SYSTEMPATH\View\View.php(213): include('APPPATH\\Views\\backend\\panel.php')
 7 SYSTEMPATH\View\View.php(216): CodeIgniter\View\View->CodeIgniter\View\{closure}()
 8 SYSTEMPATH\Common.php(1137): CodeIgniter\View\View->render('backend/panel', [], true)
 9 APPPATH\Controllers\Home.php(52): view('backend/panel', [...])
10 SYSTEMPATH\CodeIgniter.php(904): App\Controllers\Home->panel()
11 SYSTEMPATH\CodeIgniter.php(457): CodeIgniter\CodeIgniter->runController(Object(App\Controllers\Home))
12 SYSTEMPATH\CodeIgniter.php(340): CodeIgniter\CodeIgniter->handleRequest(null, Object(Config\Cache), false)
13 FCPATH\index.php(67): CodeIgniter\CodeIgniter->run()
CRITICAL - 2026-03-23 00:42:57 --> Undefined variable $baseURL
in APPPATH\Views\backend\include\header.php on line 13.
 1 APPPATH\Views\backend\include\header.php(13): CodeIgniter\Debug\Exceptions->errorHandler(2, 'Undefined variable $baseURL', 'APPPATH\\Views\\backend\\include\\header.php', 13)
 2 SYSTEMPATH\View\View.php(213): include('APPPATH\\Views\\backend\\include\\header.php')
 3 SYSTEMPATH\View\View.php(216): CodeIgniter\View\View->CodeIgniter\View\{closure}()
 4 SYSTEMPATH\View\View.php(429): CodeIgniter\View\View->render('backend/include/header', null, true)
 5 APPPATH\Views\backend\category.php(1): CodeIgniter\View\View->include('backend/include/header')
 6 SYSTEMPATH\View\View.php(213): include('APPPATH\\Views\\backend\\category.php')
 7 SYSTEMPATH\View\View.php(216): CodeIgniter\View\View->CodeIgniter\View\{closure}()
 8 SYSTEMPATH\Common.php(1137): CodeIgniter\View\View->render('backend/category', [], true)
 9 APPPATH\Controllers\Home.php(60): view('backend/category', [...])
10 SYSTEMPATH\CodeIgniter.php(904): App\Controllers\Home->category()
11 SYSTEMPATH\CodeIgniter.php(457): CodeIgniter\CodeIgniter->runController(Object(App\Controllers\Home))
12 SYSTEMPATH\CodeIgniter.php(340): CodeIgniter\CodeIgniter->handleRequest(null, Object(Config\Cache), false)
13 FCPATH\index.php(67): CodeIgniter\CodeIgniter->run()
CRITICAL - 2026-03-23 00:57:29 --> Undefined variable $baseURL
in APPPATH\Views\backend\include\header.php on line 13.
 1 APPPATH\Views\backend\include\header.php(13): CodeIgniter\Debug\Exceptions->errorHandler(2, 'Undefined variable $baseURL', 'APPPATH\\Views\\backend\\include\\header.php', 13)
 2 SYSTEMPATH\View\View.php(213): include('APPPATH\\Views\\backend\\include\\header.php')
 3 SYSTEMPATH\View\View.php(216): CodeIgniter\View\View->CodeIgniter\View\{closure}()
 4 SYSTEMPATH\View\View.php(429): CodeIgniter\View\View->render('backend/include/header', null, true)
 5 APPPATH\Views\backend\settingsView.php(1): CodeIgniter\View\View->include('backend/include/header')
 6 SYSTEMPATH\View\View.php(213): include('APPPATH\\Views\\backend\\settingsView.php')
 7 SYSTEMPATH\View\View.php(216): CodeIgniter\View\View->CodeIgniter\View\{closure}()
 8 SYSTEMPATH\Common.php(1137): CodeIgniter\View\View->render('backend/settingsView', [], true)
 9 APPPATH\Controllers\Home.php(415): view('backend/settingsView', [...])
10 SYSTEMPATH\CodeIgniter.php(904): App\Controllers\Home->settingsView()
11 SYSTEMPATH\CodeIgniter.php(457): CodeIgniter\CodeIgniter->runController(Object(App\Controllers\Home))
12 SYSTEMPATH\CodeIgniter.php(340): CodeIgniter\CodeIgniter->handleRequest(null, Object(Config\Cache), false)
13 FCPATH\index.php(67): CodeIgniter\CodeIgniter->run()
CRITICAL - 2026-03-23 00:58:09 --> Undefined variable $baseURL
in APPPATH\Views\backend\include\leftmenu.php on line 8.
 1 APPPATH\Views\backend\include\leftmenu.php(8): CodeIgniter\Debug\Exceptions->errorHandler(2, 'Undefined variable $baseURL', 'APPPATH\\Views\\backend\\include\\leftmenu.php', 8)
 2 SYSTEMPATH\View\View.php(213): include('APPPATH\\Views\\backend\\include\\leftmenu.php')
 3 SYSTEMPATH\View\View.php(216): CodeIgniter\View\View->CodeIgniter\View\{closure}()
 4 SYSTEMPATH\View\View.php(429): CodeIgniter\View\View->render('backend/include/leftmenu', null, true)
 5 APPPATH\Views\backend\settingsView.php(6): CodeIgniter\View\View->include('backend/include/leftmenu')
 6 SYSTEMPATH\View\View.php(213): include('APPPATH\\Views\\backend\\settingsView.php')
 7 SYSTEMPATH\View\View.php(216): CodeIgniter\View\View->CodeIgniter\View\{closure}()
 8 SYSTEMPATH\Common.php(1137): CodeIgniter\View\View->render('backend/settingsView', [], true)
 9 APPPATH\Controllers\Home.php(415): view('backend/settingsView', [...])
10 SYSTEMPATH\CodeIgniter.php(904): App\Controllers\Home->settingsView()
11 SYSTEMPATH\CodeIgniter.php(457): CodeIgniter\CodeIgniter->runController(Object(App\Controllers\Home))
12 SYSTEMPATH\CodeIgniter.php(340): CodeIgniter\CodeIgniter->handleRequest(null, Object(Config\Cache), false)
13 FCPATH\index.php(67): CodeIgniter\CodeIgniter->run()
CRITICAL - 2026-03-23 00:59:21 --> Undefined variable $baseURL
in APPPATH\Views\backend\include\leftmenu.php on line 23.
 1 APPPATH\Views\backend\include\leftmenu.php(23): CodeIgniter\Debug\Exceptions->errorHandler(2, 'Undefined variable $baseURL', 'APPPATH\\Views\\backend\\include\\leftmenu.php', 23)
 2 SYSTEMPATH\View\View.php(213): include('APPPATH\\Views\\backend\\include\\leftmenu.php')
 3 SYSTEMPATH\View\View.php(216): CodeIgniter\View\View->CodeIgniter\View\{closure}()
 4 SYSTEMPATH\View\View.php(429): CodeIgniter\View\View->render('backend/include/leftmenu', null, true)
 5 APPPATH\Views\backend\settingsView.php(6): CodeIgniter\View\View->include('backend/include/leftmenu')
 6 SYSTEMPATH\View\View.php(213): include('APPPATH\\Views\\backend\\settingsView.php')
 7 SYSTEMPATH\View\View.php(216): CodeIgniter\View\View->CodeIgniter\View\{closure}()
 8 SYSTEMPATH\Common.php(1137): CodeIgniter\View\View->render('backend/settingsView', [], true)
 9 APPPATH\Controllers\Home.php(415): view('backend/settingsView', [...])
10 SYSTEMPATH\CodeIgniter.php(904): App\Controllers\Home->settingsView()
11 SYSTEMPATH\CodeIgniter.php(457): CodeIgniter\CodeIgniter->runController(Object(App\Controllers\Home))
12 SYSTEMPATH\CodeIgniter.php(340): CodeIgniter\CodeIgniter->handleRequest(null, Object(Config\Cache), false)
13 FCPATH\index.php(67): CodeIgniter\CodeIgniter->run()
CRITICAL - 2026-03-23 01:00:23 --> syntax error, unexpected identifier "base_url", expecting variable or "{" or "$"
in APPPATH\Views\backend\include\leftmenu.php on line 23.
 1 SYSTEMPATH\View\View.php(216): CodeIgniter\View\View->CodeIgniter\View\{closure}()
 2 SYSTEMPATH\View\View.php(429): CodeIgniter\View\View->render('backend/include/leftmenu', null, true)
 3 APPPATH\Views\backend\settingsView.php(6): CodeIgniter\View\View->include('backend/include/leftmenu')
 4 SYSTEMPATH\View\View.php(213): include('APPPATH\\Views\\backend\\settingsView.php')
 5 SYSTEMPATH\View\View.php(216): CodeIgniter\View\View->CodeIgniter\View\{closure}()
 6 SYSTEMPATH\Common.php(1137): CodeIgniter\View\View->render('backend/settingsView', [], true)
 7 APPPATH\Controllers\Home.php(415): view('backend/settingsView', [...])
 8 SYSTEMPATH\CodeIgniter.php(904): App\Controllers\Home->settingsView()
 9 SYSTEMPATH\CodeIgniter.php(457): CodeIgniter\CodeIgniter->runController(Object(App\Controllers\Home))
10 SYSTEMPATH\CodeIgniter.php(340): CodeIgniter\CodeIgniter->handleRequest(null, Object(Config\Cache), false)
11 FCPATH\index.php(67): CodeIgniter\CodeIgniter->run()
CRITICAL - 2026-03-23 01:00:24 --> syntax error, unexpected identifier "base_url", expecting variable or "{" or "$"
in APPPATH\Views\backend\include\leftmenu.php on line 23.
 1 SYSTEMPATH\View\View.php(216): CodeIgniter\View\View->CodeIgniter\View\{closure}()
 2 SYSTEMPATH\View\View.php(429): CodeIgniter\View\View->render('backend/include/leftmenu', null, true)
 3 APPPATH\Views\backend\settingsView.php(6): CodeIgniter\View\View->include('backend/include/leftmenu')
 4 SYSTEMPATH\View\View.php(213): include('APPPATH\\Views\\backend\\settingsView.php')
 5 SYSTEMPATH\View\View.php(216): CodeIgniter\View\View->CodeIgniter\View\{closure}()
 6 SYSTEMPATH\Common.php(1137): CodeIgniter\View\View->render('backend/settingsView', [], true)
 7 APPPATH\Controllers\Home.php(415): view('backend/settingsView', [...])
 8 SYSTEMPATH\CodeIgniter.php(904): App\Controllers\Home->settingsView()
 9 SYSTEMPATH\CodeIgniter.php(457): CodeIgniter\CodeIgniter->runController(Object(App\Controllers\Home))
10 SYSTEMPATH\CodeIgniter.php(340): CodeIgniter\CodeIgniter->handleRequest(null, Object(Config\Cache), false)
11 FCPATH\index.php(67): CodeIgniter\CodeIgniter->run()
CRITICAL - 2026-03-23 01:02:58 --> Call to undefined method App\Models\StatusModel::updateStatus
in SYSTEMPATH\Model.php on line 773.
 1 APPPATH\Controllers\Home.php(519): CodeIgniter\Model->__call('updateStatus', [...])
 2 SYSTEMPATH\CodeIgniter.php(904): App\Controllers\Home->updateStatus()
 3 SYSTEMPATH\CodeIgniter.php(457): CodeIgniter\CodeIgniter->runController(Object(App\Controllers\Home))
 4 SYSTEMPATH\CodeIgniter.php(340): CodeIgniter\CodeIgniter->handleRequest(null, Object(Config\Cache), false)
 5 FCPATH\index.php(67): CodeIgniter\CodeIgniter->run()
CRITICAL - 2026-03-23 01:03:27 --> Undefined variable $baseURL
in APPPATH\Views\login.php on line 46.
 1 APPPATH\Views\login.php(46): CodeIgniter\Debug\Exceptions->errorHandler(2, 'Undefined variable $baseURL', 'APPPATH\\Views\\login.php', 46)
 2 SYSTEMPATH\View\View.php(213): include('APPPATH\\Views\\login.php')
 3 SYSTEMPATH\View\View.php(216): CodeIgniter\View\View->CodeIgniter\View\{closure}()
 4 SYSTEMPATH\Common.php(1137): CodeIgniter\View\View->render('login', [], true)
 5 APPPATH\Controllers\Login.php(26): view('login', [...])
 6 SYSTEMPATH\CodeIgniter.php(904): App\Controllers\Login->index()
 7 SYSTEMPATH\CodeIgniter.php(457): CodeIgniter\CodeIgniter->runController(Object(App\Controllers\Login))
 8 SYSTEMPATH\CodeIgniter.php(340): CodeIgniter\CodeIgniter->handleRequest(null, Object(Config\Cache), false)
 9 FCPATH\index.php(67): CodeIgniter\CodeIgniter->run()
CRITICAL - 2026-03-23 22:43:11 --> Trying to access array offset on value of type null
in APPPATH\Views\templates\menu2.php on line 6.
 1 APPPATH\Views\templates\menu2.php(6): CodeIgniter\Debug\Exceptions->errorHandler(2, 'Trying to access array offset on value of type null', 'APPPATH\\Views\\templates\\menu2.php', 6)
 2 SYSTEMPATH\View\View.php(213): include('APPPATH\\Views\\templates\\menu2.php')
 3 SYSTEMPATH\View\View.php(216): CodeIgniter\View\View->CodeIgniter\View\{closure}()
 4 SYSTEMPATH\Common.php(1137): CodeIgniter\View\View->render('templates/menu2', [], true)
 5 APPPATH\Controllers\Anasayfa.php(37): view('templates/menu2', [...])
 6 SYSTEMPATH\CodeIgniter.php(904): App\Controllers\Anasayfa->index()
 7 SYSTEMPATH\CodeIgniter.php(457): CodeIgniter\CodeIgniter->runController(Object(App\Controllers\Anasayfa))
 8 SYSTEMPATH\CodeIgniter.php(340): CodeIgniter\CodeIgniter->handleRequest(null, Object(Config\Cache), false)
 9 FCPATH\index.php(67): CodeIgniter\CodeIgniter->run()
CRITICAL - 2026-03-23 23:26:57 --> Call to undefined method App\Models\StatusModel::updateStatus
in SYSTEMPATH\Model.php on line 773.
 1 APPPATH\Controllers\Home.php(526): CodeIgniter\Model->__call('updateStatus', [...])
 2 SYSTEMPATH\CodeIgniter.php(904): App\Controllers\Home->updateStatus()
 3 SYSTEMPATH\CodeIgniter.php(457): CodeIgniter\CodeIgniter->runController(Object(App\Controllers\Home))
 4 SYSTEMPATH\CodeIgniter.php(340): CodeIgniter\CodeIgniter->handleRequest(null, Object(Config\Cache), false)
 5 FCPATH\index.php(67): CodeIgniter\CodeIgniter->run()
