CRITICAL - 2026-03-30 23:39:32 --> Undefined array key "wifipass"
in APPPATH\Views\backend\settingsView.php on line 71.
 1 APPPATH\Views\backend\settingsView.php(71): CodeIgniter\Debug\Exceptions->errorHandler(2, 'Undefined array key "wifipass"', 'APPPATH\\Views\\backend\\settingsView.php', 71)
 2 SYSTEMPATH\View\View.php(213): include('APPPATH\\Views\\backend\\settingsView.php')
 3 SYSTEMPATH\View\View.php(216): CodeIgniter\View\View->CodeIgniter\View\{closure}()
 4 SYSTEMPATH\Common.php(1137): CodeIgniter\View\View->render('backend/settingsView', [], true)
 5 APPPATH\Controllers\Home.php(469): view('backend/settingsView', [...])
 6 SYSTEMPATH\CodeIgniter.php(904): App\Controllers\Home->settingsView()
 7 SYSTEMPATH\CodeIgniter.php(457): CodeIgniter\CodeIgniter->runController(Object(App\Controllers\Home))
 8 SYSTEMPATH\CodeIgniter.php(340): CodeIgniter\CodeIgniter->handleRequest(null, Object(Config\Cache), false)
 9 FCPATH\index.php(67): CodeIgniter\CodeIgniter->run()
CRITICAL - 2026-03-30 23:40:33 --> Undefined array key "wifipass"
in APPPATH\Views\backend\settingsView.php on line 71.
 1 APPPATH\Views\backend\settingsView.php(71): CodeIgniter\Debug\Exceptions->errorHandler(2, 'Undefined array key "wifipass"', 'APPPATH\\Views\\backend\\settingsView.php', 71)
 2 SYSTEMPATH\View\View.php(213): include('APPPATH\\Views\\backend\\settingsView.php')
 3 SYSTEMPATH\View\View.php(216): CodeIgniter\View\View->CodeIgniter\View\{closure}()
 4 SYSTEMPATH\Common.php(1137): CodeIgniter\View\View->render('backend/settingsView', [], true)
 5 APPPATH\Controllers\Home.php(469): view('backend/settingsView', [...])
 6 SYSTEMPATH\CodeIgniter.php(904): App\Controllers\Home->settingsView()
 7 SYSTEMPATH\CodeIgniter.php(457): CodeIgniter\CodeIgniter->runController(Object(App\Controllers\Home))
 8 SYSTEMPATH\CodeIgniter.php(340): CodeIgniter\CodeIgniter->handleRequest(null, Object(Config\Cache), false)
 9 FCPATH\index.php(67): CodeIgniter\CodeIgniter->run()
CRITICAL - 2026-03-30 23:40:34 --> Undefined array key "wifipass"
in APPPATH\Views\backend\settingsView.php on line 71.
 1 APPPATH\Views\backend\settingsView.php(71): CodeIgniter\Debug\Exceptions->errorHandler(2, 'Undefined array key "wifipass"', 'APPPATH\\Views\\backend\\settingsView.php', 71)
 2 SYSTEMPATH\View\View.php(213): include('APPPATH\\Views\\backend\\settingsView.php')
 3 SYSTEMPATH\View\View.php(216): CodeIgniter\View\View->CodeIgniter\View\{closure}()
 4 SYSTEMPATH\Common.php(1137): CodeIgniter\View\View->render('backend/settingsView', [], true)
 5 APPPATH\Controllers\Home.php(469): view('backend/settingsView', [...])
 6 SYSTEMPATH\CodeIgniter.php(904): App\Controllers\Home->settingsView()
 7 SYSTEMPATH\CodeIgniter.php(457): CodeIgniter\CodeIgniter->runController(Object(App\Controllers\Home))
 8 SYSTEMPATH\CodeIgniter.php(340): CodeIgniter\CodeIgniter->handleRequest(null, Object(Config\Cache), false)
 9 FCPATH\index.php(67): CodeIgniter\CodeIgniter->run()
CRITICAL - 2026-03-30 23:40:34 --> Undefined array key "wifipass"
in APPPATH\Views\backend\settingsView.php on line 71.
 1 APPPATH\Views\backend\settingsView.php(71): CodeIgniter\Debug\Exceptions->errorHandler(2, 'Undefined array key "wifipass"', 'APPPATH\\Views\\backend\\settingsView.php', 71)
 2 SYSTEMPATH\View\View.php(213): include('APPPATH\\Views\\backend\\settingsView.php')
 3 SYSTEMPATH\View\View.php(216): CodeIgniter\View\View->CodeIgniter\View\{closure}()
 4 SYSTEMPATH\Common.php(1137): CodeIgniter\View\View->render('backend/settingsView', [], true)
 5 APPPATH\Controllers\Home.php(469): view('backend/settingsView', [...])
 6 SYSTEMPATH\CodeIgniter.php(904): App\Controllers\Home->settingsView()
 7 SYSTEMPATH\CodeIgniter.php(457): CodeIgniter\CodeIgniter->runController(Object(App\Controllers\Home))
 8 SYSTEMPATH\CodeIgniter.php(340): CodeIgniter\CodeIgniter->handleRequest(null, Object(Config\Cache), false)
 9 FCPATH\index.php(67): CodeIgniter\CodeIgniter->run()
CRITICAL - 2026-03-30 23:40:34 --> Undefined array key "wifipass"
in APPPATH\Views\backend\settingsView.php on line 71.
 1 APPPATH\Views\backend\settingsView.php(71): CodeIgniter\Debug\Exceptions->errorHandler(2, 'Undefined array key "wifipass"', 'APPPATH\\Views\\backend\\settingsView.php', 71)
 2 SYSTEMPATH\View\View.php(213): include('APPPATH\\Views\\backend\\settingsView.php')
 3 SYSTEMPATH\View\View.php(216): CodeIgniter\View\View->CodeIgniter\View\{closure}()
 4 SYSTEMPATH\Common.php(1137): CodeIgniter\View\View->render('backend/settingsView', [], true)
 5 APPPATH\Controllers\Home.php(469): view('backend/settingsView', [...])
 6 SYSTEMPATH\CodeIgniter.php(904): App\Controllers\Home->settingsView()
 7 SYSTEMPATH\CodeIgniter.php(457): CodeIgniter\CodeIgniter->runController(Object(App\Controllers\Home))
 8 SYSTEMPATH\CodeIgniter.php(340): CodeIgniter\CodeIgniter->handleRequest(null, Object(Config\Cache), false)
 9 FCPATH\index.php(67): CodeIgniter\CodeIgniter->run()
CRITICAL - 2026-03-30 23:40:35 --> Undefined array key "wifipass"
in APPPATH\Views\backend\settingsView.php on line 71.
 1 APPPATH\Views\backend\settingsView.php(71): CodeIgniter\Debug\Exceptions->errorHandler(2, 'Undefined array key "wifipass"', 'APPPATH\\Views\\backend\\settingsView.php', 71)
 2 SYSTEMPATH\View\View.php(213): include('APPPATH\\Views\\backend\\settingsView.php')
 3 SYSTEMPATH\View\View.php(216): CodeIgniter\View\View->CodeIgniter\View\{closure}()
 4 SYSTEMPATH\Common.php(1137): CodeIgniter\View\View->render('backend/settingsView', [], true)
 5 APPPATH\Controllers\Home.php(469): view('backend/settingsView', [...])
 6 SYSTEMPATH\CodeIgniter.php(904): App\Controllers\Home->settingsView()
 7 SYSTEMPATH\CodeIgniter.php(457): CodeIgniter\CodeIgniter->runController(Object(App\Controllers\Home))
 8 SYSTEMPATH\CodeIgniter.php(340): CodeIgniter\CodeIgniter->handleRequest(null, Object(Config\Cache), false)
 9 FCPATH\index.php(67): CodeIgniter\CodeIgniter->run()
CRITICAL - 2026-03-30 23:40:35 --> Undefined array key "wifipass"
in APPPATH\Views\backend\settingsView.php on line 71.
 1 APPPATH\Views\backend\settingsView.php(71): CodeIgniter\Debug\Exceptions->errorHandler(2, 'Undefined array key "wifipass"', 'APPPATH\\Views\\backend\\settingsView.php', 71)
 2 SYSTEMPATH\View\View.php(213): include('APPPATH\\Views\\backend\\settingsView.php')
 3 SYSTEMPATH\View\View.php(216): CodeIgniter\View\View->CodeIgniter\View\{closure}()
 4 SYSTEMPATH\Common.php(1137): CodeIgniter\View\View->render('backend/settingsView', [], true)
 5 APPPATH\Controllers\Home.php(469): view('backend/settingsView', [...])
 6 SYSTEMPATH\CodeIgniter.php(904): App\Controllers\Home->settingsView()
 7 SYSTEMPATH\CodeIgniter.php(457): CodeIgniter\CodeIgniter->runController(Object(App\Controllers\Home))
 8 SYSTEMPATH\CodeIgniter.php(340): CodeIgniter\CodeIgniter->handleRequest(null, Object(Config\Cache), false)
 9 FCPATH\index.php(67): CodeIgniter\CodeIgniter->run()
CRITICAL - 2026-03-30 23:40:35 --> Undefined array key "wifipass"
in APPPATH\Views\backend\settingsView.php on line 71.
 1 APPPATH\Views\backend\settingsView.php(71): CodeIgniter\Debug\Exceptions->errorHandler(2, 'Undefined array key "wifipass"', 'APPPATH\\Views\\backend\\settingsView.php', 71)
 2 SYSTEMPATH\View\View.php(213): include('APPPATH\\Views\\backend\\settingsView.php')
 3 SYSTEMPATH\View\View.php(216): CodeIgniter\View\View->CodeIgniter\View\{closure}()
 4 SYSTEMPATH\Common.php(1137): CodeIgniter\View\View->render('backend/settingsView', [], true)
 5 APPPATH\Controllers\Home.php(469): view('backend/settingsView', [...])
 6 SYSTEMPATH\CodeIgniter.php(904): App\Controllers\Home->settingsView()
 7 SYSTEMPATH\CodeIgniter.php(457): CodeIgniter\CodeIgniter->runController(Object(App\Controllers\Home))
 8 SYSTEMPATH\CodeIgniter.php(340): CodeIgniter\CodeIgniter->handleRequest(null, Object(Config\Cache), false)
 9 FCPATH\index.php(67): CodeIgniter\CodeIgniter->run()
CRITICAL - 2026-03-30 23:40:35 --> Undefined array key "wifipass"
in APPPATH\Views\backend\settingsView.php on line 71.
 1 APPPATH\Views\backend\settingsView.php(71): CodeIgniter\Debug\Exceptions->errorHandler(2, 'Undefined array key "wifipass"', 'APPPATH\\Views\\backend\\settingsView.php', 71)
 2 SYSTEMPATH\View\View.php(213): include('APPPATH\\Views\\backend\\settingsView.php')
 3 SYSTEMPATH\View\View.php(216): CodeIgniter\View\View->CodeIgniter\View\{closure}()
 4 SYSTEMPATH\Common.php(1137): CodeIgniter\View\View->render('backend/settingsView', [], true)
 5 APPPATH\Controllers\Home.php(469): view('backend/settingsView', [...])
 6 SYSTEMPATH\CodeIgniter.php(904): App\Controllers\Home->settingsView()
 7 SYSTEMPATH\CodeIgniter.php(457): CodeIgniter\CodeIgniter->runController(Object(App\Controllers\Home))
 8 SYSTEMPATH\CodeIgniter.php(340): CodeIgniter\CodeIgniter->handleRequest(null, Object(Config\Cache), false)
 9 FCPATH\index.php(67): CodeIgniter\CodeIgniter->run()
CRITICAL - 2026-03-30 23:40:35 --> Undefined array key "wifipass"
in APPPATH\Views\backend\settingsView.php on line 71.
 1 APPPATH\Views\backend\settingsView.php(71): CodeIgniter\Debug\Exceptions->errorHandler(2, 'Undefined array key "wifipass"', 'APPPATH\\Views\\backend\\settingsView.php', 71)
 2 SYSTEMPATH\View\View.php(213): include('APPPATH\\Views\\backend\\settingsView.php')
 3 SYSTEMPATH\View\View.php(216): CodeIgniter\View\View->CodeIgniter\View\{closure}()
 4 SYSTEMPATH\Common.php(1137): CodeIgniter\View\View->render('backend/settingsView', [], true)
 5 APPPATH\Controllers\Home.php(469): view('backend/settingsView', [...])
 6 SYSTEMPATH\CodeIgniter.php(904): App\Controllers\Home->settingsView()
 7 SYSTEMPATH\CodeIgniter.php(457): CodeIgniter\CodeIgniter->runController(Object(App\Controllers\Home))
 8 SYSTEMPATH\CodeIgniter.php(340): CodeIgniter\CodeIgniter->handleRequest(null, Object(Config\Cache), false)
 9 FCPATH\index.php(67): CodeIgniter\CodeIgniter->run()
CRITICAL - 2026-03-30 23:59:57 --> Undefined array key "wifiPassword"
in APPPATH\Views\templates\menu5.php on line 426.
 1 APPPATH\Views\templates\menu5.php(426): CodeIgniter\Debug\Exceptions->errorHandler(2, 'Undefined array key "wifiPassword"', 'APPPATH\\Views\\templates\\menu5.php', 426)
 2 SYSTEMPATH\View\View.php(213): include('APPPATH\\Views\\templates\\menu5.php')
 3 SYSTEMPATH\View\View.php(216): CodeIgniter\View\View->CodeIgniter\View\{closure}()
 4 SYSTEMPATH\Common.php(1137): CodeIgniter\View\View->render('templates/menu5', [], true)
 5 APPPATH\Controllers\Anasayfa.php(46): view('templates/menu5', [...])
 6 SYSTEMPATH\CodeIgniter.php(904): App\Controllers\Anasayfa->index()
 7 SYSTEMPATH\CodeIgniter.php(457): CodeIgniter\CodeIgniter->runController(Object(App\Controllers\Anasayfa))
 8 SYSTEMPATH\CodeIgniter.php(340): CodeIgniter\CodeIgniter->handleRequest(null, Object(Config\Cache), false)
 9 FCPATH\index.php(67): CodeIgniter\CodeIgniter->run()
